Archive member included because of file (symbol)

c:/program files/microchip/mplab c32 suite/bin/../lib/gcc/pic32mx/4.5.1\libgcc.a(_udivdi3.o)
                              build/default/production/_ext/1295770447/Tick.o (__udivdi3)
c:/program files/microchip/mplab c32 suite/bin/../lib/gcc/pic32mx/4.5.1/../../../../pic32mx/lib\libc.a(memcmp.o)
                              build/default/production/_ext/1295770447/HTTP2.o (memcmp)
c:/program files/microchip/mplab c32 suite/bin/../lib/gcc/pic32mx/4.5.1/../../../../pic32mx/lib\libc.a(memcpy.o)
                              build/default/production/_ext/1295770447/Announce.o (memcpy)
c:/program files/microchip/mplab c32 suite/bin/../lib/gcc/pic32mx/4.5.1/../../../../pic32mx/lib\libc.a(memset.o)
                              build/default/production/_ext/1295770447/SNTP.o (memset)
c:/program files/microchip/mplab c32 suite/bin/../lib/gcc/pic32mx/4.5.1/../../../../pic32mx/lib\libc.a(strcmp.o)
                              build/default/production/_ext/1295770447/HTTP2.o (strcmp)
c:/program files/microchip/mplab c32 suite/bin/../lib/gcc/pic32mx/4.5.1/../../../../pic32mx/lib\libc.a(strlen.o)
                              build/default/production/_ext/1295770447/HTTP2.o (strlen)
c:/program files/microchip/mplab c32 suite/bin/../lib/gcc/pic32mx/4.5.1/../../../../pic32mx/lib\libc.a(general-exception.o)
                              c:/program files/microchip/mplab c32 suite/bin/../lib/gcc/pic32mx/4.5.1/../../../../pic32mx/lib/crt0.o (_general_exception_context)
c:/program files/microchip/mplab c32 suite/bin/../lib/gcc/pic32mx/4.5.1/../../../../pic32mx/lib\libc.a(atol.o)
                              build/default/production/_ext/1295770447/HTTP2.o (atol)
c:/program files/microchip/mplab c32 suite/bin/../lib/gcc/pic32mx/4.5.1/../../../../pic32mx/lib\libc.a(ctype.o)
                              c:/program files/microchip/mplab c32 suite/bin/../lib/gcc/pic32mx/4.5.1/../../../../pic32mx/lib\libc.a(atol.o) (_ctype)
c:/program files/microchip/mplab c32 suite/bin/../lib/gcc/pic32mx/4.5.1/../../../../pic32mx/lib\libc.a(default-general-exception-handler.o)
                              c:/program files/microchip/mplab c32 suite/bin/../lib/gcc/pic32mx/4.5.1/../../../../pic32mx/lib\libc.a(general-exception.o) (_general_exception_handler)
c:/program files/microchip/mplab c32 suite/bin/../lib/gcc/pic32mx/4.5.1/../../../../pic32mx/lib\libc.a(default-bootstrap-exception-handler.o)
                              c:/program files/microchip/mplab c32 suite/bin/../lib/gcc/pic32mx/4.5.1/../../../../pic32mx/lib/crt0.o (_bootstrap_exception_handler)
c:/program files/microchip/mplab c32 suite/bin/../lib/gcc/pic32mx/4.5.1/../../../../pic32mx/lib\libc.a(default-on-reset.o)
                              c:/program files/microchip/mplab c32 suite/bin/../lib/gcc/pic32mx/4.5.1/../../../../pic32mx/lib/crt0.o (_on_reset)
c:/program files/microchip/mplab c32 suite/bin/../lib/gcc/pic32mx/4.5.1/../../../../pic32mx/lib\libc.a(default-on-bootstrap.o)
                              c:/program files/microchip/mplab c32 suite/bin/../lib/gcc/pic32mx/4.5.1/../../../../pic32mx/lib/crt0.o (_on_bootstrap)
c:/program files/microchip/mplab c32 suite/bin/../lib/gcc/pic32mx/4.5.1/../../../../pic32mx/lib\libc.a(default-nmi-handler.o)
                              c:/program files/microchip/mplab c32 suite/bin/../lib/gcc/pic32mx/4.5.1/../../../../pic32mx/lib/crt0.o (_nmi_handler)
c:/program files/microchip/mplab c32 suite/bin/../lib/gcc/pic32mx/4.5.1/../../../../pic32mx/lib\libmchp_peripheral_32MX460F512L.a(soft_reset_lib.o)
                              build/default/production/_ext/1295770447/ENC28J60.o (SoftReset)
c:/program files/microchip/mplab c32 suite/bin/../lib/gcc/pic32mx/4.5.1/../../../../pic32mx/lib\libmchp_peripheral_32MX460F512L.a(pcache.o)
                              build/default/production/_ext/1472/Main.o (CheKseg0CacheOn)
c:/program files/microchip/mplab c32 suite/bin/../lib/gcc/pic32mx/4.5.1/../../../../pic32mx/lib\libmchp_peripheral_32MX460F512L.a(int_configure_system_lib.o)
                              build/default/production/_ext/1472/Cerebot.o (INTConfigureSystem)
c:/program files/microchip/mplab c32 suite/bin/../lib/gcc/pic32mx/4.5.1/../../../../pic32mx/lib\libmchp_peripheral_32MX460F512L.a(int_enable_interrupts_lib.o)
                              build/default/production/_ext/1472/Main.o (INTEnableInterrupts)
c:/program files/microchip/mplab c32 suite/bin/../lib/gcc/pic32mx/4.5.1/../../../../pic32mx/lib\libmchp_peripheral_32MX460F512L.a(int_disable_interrupts_lib.o)
                              build/default/production/_ext/1472/Main.o (INTDisableInterrupts)
c:/program files/microchip/mplab c32 suite/bin/../lib/gcc/pic32mx/4.5.1/../../../../pic32mx/lib\libmchp_peripheral_32MX460F512L.a(int_restore_interrupts_lib.o)
                              build/default/production/_ext/1472/Main.o (INTRestoreInterrupts)
[...]
Memory Configuration

Name             Origin             Length             Attributes
kseg0_program_mem 0x9d000000         0x00080000         xr
kseg0_boot_mem   0x9fc00490         0x00000970
exception_mem    0x9fc01000         0x00001000
kseg1_boot_mem   0xbfc00000         0x00000490
debug_exec_mem   0xbfc02000         0x00000ff0
config3          0xbfc02ff0         0x00000004
config2          0xbfc02ff4         0x00000004
config1          0xbfc02ff8         0x00000004
config0          0xbfc02ffc         0x00000004
kseg1_data_mem   0xa0000000         0x00008000         w !x
sfrs             0xbf800000         0x00100000
configsfrs       0xbfc02ff0         0x00000010
*default*        0x00000000         0xffffffff

Linker script and memory map

LOAD c:/program files/microchip/mplab c32 suite/bin/../lib/gcc/pic32mx/4.5.1/../../../../pic32mx/lib/crt0.o
LOAD build/default/production/_ext/1472/BerkeleyTCPClientDemo.o
LOAD build/default/production/_ext/1472/BerkeleyTCPServerDemo.o
LOAD build/default/production/_ext/1472/BerkeleyUDPClientDemo.o
LOAD build/default/production/_ext/1472/GenericTCPClient.o
LOAD build/default/production/_ext/1472/GenericTCPServer.o
LOAD build/default/production/_ext/1472/LegacyHTTPApp.o
LOAD build/default/production/_ext/1472/PingDemo.o
LOAD build/default/production/_ext/1472/SMTPDemo.o
LOAD build/default/production/_ext/1472/UARTConfig.o
LOAD build/default/production/_ext/1295770447/Announce.o
LOAD build/default/production/_ext/1295770447/ARCFOUR.o
LOAD build/default/production/_ext/1295770447/ARP.o
LOAD build/default/production/_ext/1295770447/AutoIP.o
LOAD build/default/production/_ext/1295770447/BerkeleyAPI.o
LOAD build/default/production/_ext/1295770447/BigInt.o
LOAD build/default/production/_ext/1295770447/Delay.o
LOAD build/default/production/_ext/1295770447/DHCP.o
LOAD build/default/production/_ext/1295770447/DHCPs.o
LOAD build/default/production/_ext/1295770447/DNS.o
LOAD build/default/production/_ext/1295770447/DNSs.o
LOAD build/default/production/_ext/1295770447/DynDNS.o
LOAD build/default/production/_ext/1295770447/ENC28J60.o
LOAD build/default/production/_ext/1295770447/ENCX24J600.o
LOAD build/default/production/_ext/1295770447/FileSystem.o
LOAD build/default/production/_ext/1295770447/FTP.o
LOAD build/default/production/_ext/1295770447/Hashes.o
LOAD build/default/production/_ext/1295770447/Helpers.o
LOAD build/default/production/_ext/1295770447/HTTP2.o
LOAD build/default/production/_ext/1295770447/HTTP.o
LOAD build/default/production/_ext/1295770447/ICMP.o
LOAD build/default/production/_ext/1295770447/IP.o
LOAD build/default/production/_ext/1295770447/LCDBlocking.o
LOAD build/default/production/_ext/1295770447/MPFS.o
LOAD build/default/production/_ext/1295770447/NBNS.o
LOAD build/default/production/_ext/1295770447/Random.o
LOAD build/default/production/_ext/1295770447/Reboot.o
LOAD build/default/production/_ext/1295770447/RSA.o
LOAD build/default/production/_ext/1295770447/SMTP.o
LOAD build/default/production/_ext/1295770447/SNMP.o
LOAD build/default/production/_ext/1295770447/SNMPv3.o
LOAD build/default/production/_ext/1295770447/SNMPv3USM.o
LOAD build/default/production/_ext/1295770447/SNTP.o
LOAD build/default/production/_ext/1295770447/SPIEEPROM.o
LOAD build/default/production/_ext/1295770447/SPIFlash.o
LOAD build/default/production/_ext/1295770447/SPIRAM.o
LOAD build/default/production/_ext/1295770447/SSL.o
LOAD build/default/production/_ext/1295770447/StackTsk.o
LOAD build/default/production/_ext/1295770447/TCP.o
LOAD build/default/production/_ext/1295770447/TCPPerformanceTest.o
LOAD build/default/production/_ext/1295770447/Telnet.o
LOAD build/default/production/_ext/1295770447/TFTPc.o
LOAD build/default/production/_ext/1295770447/Tick.o
LOAD build/default/production/_ext/1295770447/UART2TCPBridge.o
LOAD build/default/production/_ext/1295770447/UART.o
LOAD build/default/production/_ext/1295770447/UDP.o
LOAD build/default/production/_ext/1295770447/UDPPerformanceTest.o
LOAD build/default/production/_ext/1295770447/ZeroconfHelper.o
LOAD build/default/production/_ext/1295770447/ZeroconfLinkLocal.o
LOAD build/default/production/_ext/1295770447/ZeroconfMulticastDNS.o
LOAD build/default/production/_ext/1472/MPFSImg2.o
LOAD build/default/production/_ext/1472/MPFSImg.o
LOAD build/default/production/_ext/1295770447/BigInt_helper_C32.o
LOAD build/default/production/_ext/1472/CustomHTTPApp.o
LOAD build/default/production/_ext/1472/CustomSNMPApp.o
LOAD build/default/production/_ext/1472/CustomSSLCert.o
LOAD build/default/production/_ext/1472/Main.o
LOAD build/default/production/_ext/1472/Cerebot.o
LOAD build/default/production/_ext/1295770447/MPFS2.o
                0x00000001                __MPLAB_BUILD = 0x1
LOAD c:/program files/microchip/mplab c32 suite/bin/../lib/gcc/pic32mx/4.5.1\libgcc.a
START GROUP
LOAD c:/program files/microchip/mplab c32 suite/bin/../lib/gcc/pic32mx/4.5.1/../../../../pic32mx/lib\libdebug.a
LOAD c:/program files/microchip/mplab c32 suite/bin/../lib/gcc/pic32mx/4.5.1/../../../../pic32mx/lib\libc.a
LOAD c:/program files/microchip/mplab c32 suite/bin/../lib/gcc/pic32mx/4.5.1/../../../../pic32mx/lib\libm.a
LOAD c:/program files/microchip/mplab c32 suite/bin/../lib/gcc/pic32mx/4.5.1/../../../../pic32mx/lib\libe.a
LOAD c:/program files/microchip/mplab c32 suite/bin/../lib/gcc/pic32mx/4.5.1/../../../../pic32mx/lib\libdsp.a
LOAD c:/program files/microchip/mplab c32 suite/bin/../lib/gcc/pic32mx/4.5.1/../../../../pic32mx/lib\libmchp_peripheral.a
LOAD c:/program files/microchip/mplab c32 suite/bin/../lib/gcc/pic32mx/4.5.1/../../../../pic32mx/lib\libmchp_peripheral_32MX460F512L.a
END GROUP
LOAD c:/program files/microchip/mplab c32 suite/bin/../lib/gcc/pic32mx/4.5.1\libgcc.a
                0x00000400                PROVIDE (_min_stack_size, 0x400)
                0x00000000                PROVIDE (_min_heap_size, 0x0)
LOAD c:/program files/microchip/mplab c32 suite/bin/../lib/gcc/pic32mx/4.5.1/../../../../pic32mx/lib/./proc/32MX460F512L\processor.o
                0x00000001                PROVIDE (_vector_spacing, 0x1)
                0x9fc01000                _ebase_address = 0x9fc01000
                0xbfc00000                _RESET_ADDR = 0xbfc00000
                0xbfc00380                _BEV_EXCPT_ADDR = 0xbfc00380
                0xbfc00480                _DBG_EXCPT_ADDR = 0xbfc00480
                0xbfc02000                _DBG_CODE_ADDR = 0xbfc02000
                0x00000ff0                _DBG_CODE_SIZE = 0xff0
                0x9fc01180                _GEN_EXCPT_ADDR = (_ebase_address + 0x180)

.config_BFC02FF0
 *(.config_BFC02FF0)

.config_BFC02FF4
                0xbfc02ff4        0x4
 *(.config_BFC02FF4)
 .config_BFC02FF4
                0xbfc02ff4        0x4 build/default/production/_ext/1472/Main.o

.config_BFC02FF8
                0xbfc02ff8        0x4
 *(.config_BFC02FF8)
 .config_BFC02FF8
                0xbfc02ff8        0x4 build/default/production/_ext/1472/Main.o

.config_BFC02FFC
                0xbfc02ffc        0x4
 *(.config_BFC02FFC)
 .config_BFC02FFC
                0xbfc02ffc        0x4 build/default/production/_ext/1472/Main.o
                0xbfc02000                PROVIDE (_DBG_CODE_ADDR, 0xbfc02000)
                0x00000ff0                PROVIDE (_DBG_CODE_SIZE, 0xff0)

.reset          0xbfc00000      0x1f4
 *(.reset)
 .reset         0xbfc00000       0x10 c:/program files/microchip/mplab c32 suite/bin/../lib/gcc/pic32mx/4.5.1/../../../../pic32mx/lib/crt0.o
                0xbfc00000                _reset
 *(.reset.startup)
 .reset.startup
                0xbfc00010      0x1e4 c:/program files/microchip/mplab c32 suite/bin/../lib/gcc/pic32mx/4.5.1/../../../../pic32mx/lib/crt0.o

.bev_excpt      0xbfc00380       0x10
 *(.bev_handler)
 .bev_handler   0xbfc00380       0x10 c:/program files/microchip/mplab c32 suite/bin/../lib/gcc/pic32mx/4.5.1/../../../../pic32mx/lib/crt0.o

.dbg_excpt      0xbfc00480        0x0
                0xbfc00480                . = (. + DEFINED (_DEBUGGER)?0x8:0x0)

.dbg_code       0xbfc02000        0x0
                0xbfc02000                . = (. + DEFINED (_DEBUGGER)?_DBG_CODE_SIZE:0x0)

.app_excpt      0x9fc01180       0x10
 *(.gen_handler)
 .gen_handler   0x9fc01180       0x10 c:/program files/microchip/mplab c32 suite/bin/../lib/gcc/pic32mx/4.5.1/../../../../pic32mx/lib/crt0.o

.vector_0       0x9fc01200        0x0
 *(.vector_0)
                0x00000001                ASSERT (((_vector_spacing == 0x0) || (SIZEOF (.vector_0) <= (_vector_spacing << 0x5))), function at exception vector 0 too large)

.vector_1       0x9fc01220        0x0
 *(.vector_1)
                0x00000001                ASSERT (((_vector_spacing == 0x0) || (SIZEOF (.vector_1) <= (_vector_spacing << 0x5))), function at exception vector 1 too large)

.vector_2       0x9fc01240        0x0
 *(.vector_2)
                0x00000001                ASSERT (((_vector_spacing == 0x0) || (SIZEOF (.vector_2) <= (_vector_spacing << 0x5))), function at exception vector 2 too large)

.vector_3       0x9fc01260        0x0
 *(.vector_3)
                0x00000001                ASSERT (((_vector_spacing == 0x0) || (SIZEOF (.vector_3) <= (_vector_spacing << 0x5))), function at exception vector 3 too large)

.vector_4       0x9fc01280        0x8
 *(.vector_4)
 .vector_4      0x9fc01280        0x8 build/default/production/_ext/1295770447/Tick.o
                0x00000001                ASSERT (((_vector_spacing == 0x0) || (SIZEOF (.vector_4) <= (_vector_spacing << 0x5))), function at exception vector 4 too large)

.vector_5       0x9fc012a0        0x0
 *(.vector_5)
                0x00000001                ASSERT (((_vector_spacing == 0x0) || (SIZEOF (.vector_5) <= (_vector_spacing << 0x5))), function at exception vector 5 too large)

.vector_6       0x9fc012c0        0x0
 *(.vector_6)
                0x00000001                ASSERT (((_vector_spacing == 0x0) || (SIZEOF (.vector_6) <= (_vector_spacing << 0x5))), function at exception vector 6 too large)

.vector_7       0x9fc012e0        0x0
 *(.vector_7)
                0x00000001                ASSERT (((_vector_spacing == 0x0) || (SIZEOF (.vector_7) <= (_vector_spacing << 0x5))), function at exception vector 7 too large)

.vector_8       0x9fc01300        0x0
 *(.vector_8)
                0x00000001                ASSERT (((_vector_spacing == 0x0) || (SIZEOF (.vector_8) <= (_vector_spacing << 0x5))), function at exception vector 8 too large)

.vector_9       0x9fc01320        0x0
 *(.vector_9)
                0x00000001                ASSERT (((_vector_spacing == 0x0) || (SIZEOF (.vector_9) <= (_vector_spacing << 0x5))), function at exception vector 9 too large)

.vector_10      0x9fc01340        0x0
 *(.vector_10)
                0x00000001                ASSERT (((_vector_spacing == 0x0) || (SIZEOF (.vector_10) <= (_vector_spacing << 0x5))), function at exception vector 10 too large)

.vector_11      0x9fc01360        0x0
 *(.vector_11)
                0x00000001                ASSERT (((_vector_spacing == 0x0) || (SIZEOF (.vector_11) <= (_vector_spacing << 0x5))), function at exception vector 11 too large)

.vector_12      0x9fc01380        0x0
 *(.vector_12)
                0x00000001                ASSERT (((_vector_spacing == 0x0) || (SIZEOF (.vector_12) <= (_vector_spacing << 0x5))), function at exception vector 12 too large)

.vector_13      0x9fc013a0        0x0
 *(.vector_13)
                0x00000001                ASSERT (((_vector_spacing == 0x0) || (SIZEOF (.vector_13) <= (_vector_spacing << 0x5))), function at exception vector 13 too large)

.vector_14      0x9fc013c0        0x0
 *(.vector_14)
                0x00000001                ASSERT (((_vector_spacing == 0x0) || (SIZEOF (.vector_14) <= (_vector_spacing << 0x5))), function at exception vector 14 too large)

.vector_15      0x9fc013e0        0x0
 *(.vector_15)
                0x00000001                ASSERT (((_vector_spacing == 0x0) || (SIZEOF (.vector_15) <= (_vector_spacing << 0x5))), function at exception vector 15 too large)

.vector_16      0x9fc01400        0x0
 *(.vector_16)
                0x00000001                ASSERT (((_vector_spacing == 0x0) || (SIZEOF (.vector_16) <= (_vector_spacing << 0x5))), function at exception vector 16 too large)

.vector_17      0x9fc01420        0x0
 *(.vector_17)
                0x00000001                ASSERT (((_vector_spacing == 0x0) || (SIZEOF (.vector_17) <= (_vector_spacing << 0x5))), function at exception vector 17 too large)

.vector_18      0x9fc01440        0x0
 *(.vector_18)
                0x00000001                ASSERT (((_vector_spacing == 0x0) || (SIZEOF (.vector_18) <= (_vector_spacing << 0x5))), function at exception vector 18 too large)

.vector_19      0x9fc01460        0x0
 *(.vector_19)
                0x00000001                ASSERT (((_vector_spacing == 0x0) || (SIZEOF (.vector_19) <= (_vector_spacing << 0x5))), function at exception vector 19 too large)

.vector_20      0x9fc01480        0x0
 *(.vector_20)
                0x00000001                ASSERT (((_vector_spacing == 0x0) || (SIZEOF (.vector_20) <= (_vector_spacing << 0x5))), function at exception vector 20 too large)

.vector_21      0x9fc014a0        0x0
 *(.vector_21)
                0x00000001                ASSERT (((_vector_spacing == 0x0) || (SIZEOF (.vector_21) <= (_vector_spacing << 0x5))), function at exception vector 21 too large)

.vector_22      0x9fc014c0        0x0
 *(.vector_22)
                0x00000001                ASSERT (((_vector_spacing == 0x0) || (SIZEOF (.vector_22) <= (_vector_spacing << 0x5))), function at exception vector 22 too large)

.vector_23      0x9fc014e0        0x0
 *(.vector_23)
                0x00000001                ASSERT (((_vector_spacing == 0x0) || (SIZEOF (.vector_23) <= (_vector_spacing << 0x5))), function at exception vector 23 too large)

.vector_24      0x9fc01500        0x0
 *(.vector_24)
                0x00000001                ASSERT (((_vector_spacing == 0x0) || (SIZEOF (.vector_24) <= (_vector_spacing << 0x5))), function at exception vector 24 too large)

.vector_25      0x9fc01520        0x0
 *(.vector_25)
                0x00000001                ASSERT (((_vector_spacing == 0x0) || (SIZEOF (.vector_25) <= (_vector_spacing << 0x5))), function at exception vector 25 too large)

.vector_26      0x9fc01540        0x0
 *(.vector_26)
                0x00000001                ASSERT (((_vector_spacing == 0x0) || (SIZEOF (.vector_26) <= (_vector_spacing << 0x5))), function at exception vector 26 too large)

.vector_27      0x9fc01560        0x0
 *(.vector_27)
                0x00000001                ASSERT (((_vector_spacing == 0x0) || (SIZEOF (.vector_27) <= (_vector_spacing << 0x5))), function at exception vector 27 too large)

.vector_28      0x9fc01580        0x0
 *(.vector_28)
                0x00000001                ASSERT (((_vector_spacing == 0x0) || (SIZEOF (.vector_28) <= (_vector_spacing << 0x5))), function at exception vector 28 too large)

.vector_29      0x9fc015a0        0x0
 *(.vector_29)
                0x00000001                ASSERT (((_vector_spacing == 0x0) || (SIZEOF (.vector_29) <= (_vector_spacing << 0x5))), function at exception vector 29 too large)

.vector_30      0x9fc015c0        0x0
 *(.vector_30)
                0x00000001                ASSERT (((_vector_spacing == 0x0) || (SIZEOF (.vector_30) <= (_vector_spacing << 0x5))), function at exception vector 30 too large)

.vector_31      0x9fc015e0        0x0
 *(.vector_31)
                0x00000001                ASSERT (((_vector_spacing == 0x0) || (SIZEOF (.vector_31) <= (_vector_spacing << 0x5))), function at exception vector 31 too large)

.vector_32      0x9fc01600        0x8
 *(.vector_32)
 .vector_32     0x9fc01600        0x8 build/default/production/_ext/1472/Cerebot.o
                0x00000001                ASSERT (((_vector_spacing == 0x0) || (SIZEOF (.vector_32) <= (_vector_spacing << 0x5))), function at exception vector 32 too large)

.vector_33      0x9fc01620        0x0
 *(.vector_33)
                0x00000001                ASSERT (((_vector_spacing == 0x0) || (SIZEOF (.vector_33) <= (_vector_spacing << 0x5))), function at exception vector 33 too large)

.vector_34      0x9fc01640        0x0
 *(.vector_34)
                0x00000001                ASSERT (((_vector_spacing == 0x0) || (SIZEOF (.vector_34) <= (_vector_spacing << 0x5))), function at exception vector 34 too large)

.vector_35      0x9fc01660        0x0
 *(.vector_35)
                0x00000001                ASSERT (((_vector_spacing == 0x0) || (SIZEOF (.vector_35) <= (_vector_spacing << 0x5))), function at exception vector 35 too large)

.vector_36      0x9fc01680        0x0
 *(.vector_36)
                0x00000001                ASSERT (((_vector_spacing == 0x0) || (SIZEOF (.vector_36) <= (_vector_spacing << 0x5))), function at exception vector 36 too large)

.vector_37      0x9fc016a0        0x0
 *(.vector_37)
                0x00000001                ASSERT (((_vector_spacing == 0x0) || (SIZEOF (.vector_37) <= (_vector_spacing << 0x5))), function at exception vector 37 too large)

.vector_38      0x9fc016c0        0x0
 *(.vector_38)
                0x00000001                ASSERT (((_vector_spacing == 0x0) || (SIZEOF (.vector_38) <= (_vector_spacing << 0x5))), function at exception vector 38 too large)

.vector_39      0x9fc016e0        0x0
 *(.vector_39)
                0x00000001                ASSERT (((_vector_spacing == 0x0) || (SIZEOF (.vector_39) <= (_vector_spacing << 0x5))), function at exception vector 39 too large)

.vector_40      0x9fc01700        0x0
 *(.vector_40)
                0x00000001                ASSERT (((_vector_spacing == 0x0) || (SIZEOF (.vector_40) <= (_vector_spacing << 0x5))), function at exception vector 40 too large)

.vector_41      0x9fc01720        0x0
 *(.vector_41)
                0x00000001                ASSERT (((_vector_spacing == 0x0) || (SIZEOF (.vector_41) <= (_vector_spacing << 0x5))), function at exception vector 41 too large)

.vector_42      0x9fc01740        0x0
 *(.vector_42)
                0x00000001                ASSERT (((_vector_spacing == 0x0) || (SIZEOF (.vector_42) <= (_vector_spacing << 0x5))), function at exception vector 42 too large)

.vector_43      0x9fc01760        0x0
 *(.vector_43)
                0x00000001                ASSERT (((_vector_spacing == 0x0) || (SIZEOF (.vector_43) <= (_vector_spacing << 0x5))), function at exception vector 43 too large)

.vector_44      0x9fc01780        0x0
 *(.vector_44)
                0x00000001                ASSERT (((_vector_spacing == 0x0) || (SIZEOF (.vector_44) <= (_vector_spacing << 0x5))), function at exception vector 44 too large)

.vector_45      0x9fc017a0        0x0
 *(.vector_45)
                0x00000001                ASSERT (((_vector_spacing == 0x0) || (SIZEOF (.vector_45) <= (_vector_spacing << 0x5))), function at exception vector 45 too large)

.vector_46      0x9fc017c0        0x0
 *(.vector_46)
                0x00000001                ASSERT (((_vector_spacing == 0x0) || (SIZEOF (.vector_46) <= (_vector_spacing << 0x5))), function at exception vector 46 too large)

.vector_47      0x9fc017e0        0x0
 *(.vector_47)
                0x00000001                ASSERT (((_vector_spacing == 0x0) || (SIZEOF (.vector_47) <= (_vector_spacing << 0x5))), function at exception vector 47 too large)

.vector_48      0x9fc01800        0x0
 *(.vector_48)
                0x00000001                ASSERT (((_vector_spacing == 0x0) || (SIZEOF (.vector_48) <= (_vector_spacing << 0x5))), function at exception vector 48 too large)

.vector_49      0x9fc01820        0x0
 *(.vector_49)
                0x00000001                ASSERT (((_vector_spacing == 0x0) || (SIZEOF (.vector_49) <= (_vector_spacing << 0x5))), function at exception vector 49 too large)

.vector_50      0x9fc01840        0x0
 *(.vector_50)
                0x00000001                ASSERT (((_vector_spacing == 0x0) || (SIZEOF (.vector_50) <= (_vector_spacing << 0x5))), function at exception vector 50 too large)

.vector_51      0x9fc01860        0x0
 *(.vector_51)
                0x00000001                ASSERT (((_vector_spacing == 0x0) || (SIZEOF (.vector_51) <= (_vector_spacing << 0x5))), function at exception vector 51 too large)

.vector_52      0x9fc01880        0x0
 *(.vector_52)
                0x00000001                ASSERT (((_vector_spacing == 0x0) || (SIZEOF (.vector_52) <= (_vector_spacing << 0x5))), function at exception vector 52 too large)

.vector_53      0x9fc018a0        0x0
 *(.vector_53)
                0x00000001                ASSERT (((_vector_spacing == 0x0) || (SIZEOF (.vector_53) <= (_vector_spacing << 0x5))), function at exception vector 53 too large)

.vector_54      0x9fc018c0        0x0
 *(.vector_54)
                0x00000001                ASSERT (((_vector_spacing == 0x0) || (SIZEOF (.vector_54) <= (_vector_spacing << 0x5))), function at exception vector 54 too large)

.vector_55      0x9fc018e0        0x0
 *(.vector_55)
                0x00000001                ASSERT (((_vector_spacing == 0x0) || (SIZEOF (.vector_55) <= (_vector_spacing << 0x5))), function at exception vector 55 too large)

.vector_56      0x9fc01900        0x0
 *(.vector_56)
                0x00000001                ASSERT (((_vector_spacing == 0x0) || (SIZEOF (.vector_56) <= (_vector_spacing << 0x5))), function at exception vector 56 too large)

.vector_57      0x9fc01920        0x0
 *(.vector_57)
                0x00000001                ASSERT (((_vector_spacing == 0x0) || (SIZEOF (.vector_57) <= (_vector_spacing << 0x5))), function at exception vector 57 too large)

.vector_58      0x9fc01940        0x0
 *(.vector_58)
                0x00000001                ASSERT (((_vector_spacing == 0x0) || (SIZEOF (.vector_58) <= (_vector_spacing << 0x5))), function at exception vector 58 too large)

.vector_59      0x9fc01960        0x0
 *(.vector_59)
                0x00000001                ASSERT (((_vector_spacing == 0x0) || (SIZEOF (.vector_59) <= (_vector_spacing << 0x5))), function at exception vector 59 too large)

.vector_60      0x9fc01980        0x0
 *(.vector_60)
                0x00000001                ASSERT (((_vector_spacing == 0x0) || (SIZEOF (.vector_60) <= (_vector_spacing << 0x5))), function at exception vector 60 too large)

.vector_61      0x9fc019a0        0x0
 *(.vector_61)
                0x00000001                ASSERT (((_vector_spacing == 0x0) || (SIZEOF (.vector_61) <= (_vector_spacing << 0x5))), function at exception vector 61 too large)

.vector_62      0x9fc019c0        0x0
 *(.vector_62)
                0x00000001                ASSERT (((_vector_spacing == 0x0) || (SIZEOF (.vector_62) <= (_vector_spacing << 0x5))), function at exception vector 62 too large)

.vector_63      0x9fc019e0        0x0
 *(.vector_63)
                0x00000001                ASSERT (((_vector_spacing == 0x0) || (SIZEOF (.vector_63) <= (_vector_spacing << 0x5))), function at exception vector 63 too large)

.startup
 *(.startup)

.text
 *(.stub .gnu.linkonce.t.*)
 *(.text.*personality*)
 *(.mips16.fn.*)
 *(.mips16.call.*)
 *(.gnu.warning)

.rodata         0x9d000000        0x0
 *(.rodata.* .gnu.linkonce.r.*)
 *(.rodata1)
                0x9d000000                . = ALIGN (0x4)

.sdata2         0x9fc00490        0x0
 *(.sdata2 .sdata2.* .gnu.linkonce.s2.*)
                0x9fc00490                . = ALIGN (0x4)

.sbss2          0x9fc00490        0x0
 *(.sbss2 .sbss2.* .gnu.linkonce.sb2.*)
                0x9fc00490                . = ALIGN (0x4)

.eh_frame_hdr
 *(.eh_frame_hdr)

.eh_frame
 *(.eh_frame)

.dbg_data       0xa0000000        0x0
                0xa0000000                . = (. + DEFINED (_DEBUGGER)?0x200:0x0)

.persist        0xa0000000        0x0
                0xa0000000                _persist_begin = .
 *(.persist .persist.*)
                0xa0000000                . = ALIGN (0x4)
                0xa0000000                _persist_end = .

.eh_frame       0xa0000000       0x28
 *(.eh_frame)
 .eh_frame      0xa0000000       0x28 c:/program files/microchip/mplab c32 suite/bin/../lib/gcc/pic32mx/4.5.1\libgcc.a(_udivdi3.o)
                0xa0000028                . = .
                0xa0008020                _gp = (ALIGN (0x10) + 0x7ff0)

.got
 *(.got.plt)
 *(.got)

.sdata          0xa0000028       0x11
                0xa0000028                _sdata_begin = .
 *(.sdata .sdata.* .gnu.linkonce.s.*)
 .sdata         0xa0000028        0x8 build/default/production/_ext/1295770447/DNS.o
 .sdata         0xa0000030        0x4 build/default/production/_ext/1295770447/Helpers.o
 .sdata         0xa0000034        0x1 build/default/production/_ext/1295770447/Reboot.o
 .sdata         0xa0000035        0x2 build/default/production/_ext/1295770447/TCP.o
 .sdata         0xa0000037        0x2 build/default/production/_ext/1295770447/UDP.o
                0xa0000039                _sdata_end = .

.lit8
 *(.lit8)

.lit4
 *(.lit4)
                0xa000003c                . = ALIGN (0x4)
                0xa000003c                _data_end = .
                0xa000003c                _bss_begin = .

.sbss           0xa000003c       0xb4
                0xa000003c                _sbss_begin = .
 *(.dynsbss)
 *(.sbss .sbss.* .gnu.linkonce.sb.*)
 .sbss          0xa000003c        0x8 build/default/production/_ext/1472/PingDemo.o
 .sbss          0xa0000044        0x8 build/default/production/_ext/1295770447/Announce.o
 .sbss          0xa000004c        0x4 build/default/production/_ext/1295770447/ARP.o
 .sbss          0xa0000050       0x18 build/default/production/_ext/1295770447/DNS.o
 .sbss          0xa0000068       0x10 build/default/production/_ext/1295770447/ENC28J60.o
 .sbss          0xa0000078       0x10 build/default/production/_ext/1295770447/ICMP.o
 .sbss          0xa0000088        0x4 build/default/production/_ext/1295770447/IP.o
 .sbss          0xa000008c        0x8 build/default/production/_ext/1295770447/NBNS.o
 .sbss          0xa0000094       0x14 build/default/production/_ext/1295770447/SNTP.o
 .sbss          0xa00000a8        0x4 build/default/production/_ext/1295770447/StackTsk.o
 .sbss          0xa00000ac        0x2 build/default/production/_ext/1295770447/TCP.o
 *fill*         0xa00000ae        0x2 00
 .sbss          0xa00000b0        0xc build/default/production/_ext/1295770447/Tick.o
 .sbss          0xa00000bc        0x8 build/default/production/_ext/1295770447/UDP.o
 .sbss          0xa00000c4        0x8 build/default/production/_ext/1472/CustomHTTPApp.o
 .sbss          0xa00000cc        0x4 build/default/production/_ext/1472/Main.o
                0xa00000cc                dwLastIP
 .sbss          0xa00000d0        0x8 build/default/production/_ext/1472/Cerebot.o
 .sbss          0xa00000d8        0x8 build/default/production/_ext/1295770447/MPFS2.o
 *(.scommon)
 .scommon       0xa00000e0        0x1 build/default/production/_ext/1295770447/HTTP2.o
                0xa00000e0                curHTTPID
 *fill*         0xa00000e1        0x1 00
 .scommon       0xa00000e2        0x6 build/default/production/_ext/1295770447/UDP.o
                0xa00000e2                UDPTxCount
                0xa00000e4                activeUDPSocket
                0xa00000e6                UDPRxCount
 .scommon       0xa00000e8        0x8 build/default/production/_ext/1472/Cerebot.o
                0xa00000e8                AN0String
                0xa00000f0                _sbss_end = .

.bss            0xa00000f0      0x168
 *(.dynbss)
 *(COMMON)
 COMMON         0xa00000f0       0x9c build/default/production/_ext/1295770447/HTTP2.o
                0xa00000f0                curHTTP
                0xa000017c                httpStubs
 COMMON         0xa000018c        0xa build/default/production/_ext/1295770447/StackTsk.o
                0xa000018c                remoteNode
 *fill*         0xa0000196        0x2 00
 COMMON         0xa0000198       0x8c build/default/production/_ext/1295770447/UDP.o
                0xa0000198                UDPSocketInfo
 COMMON         0xa0000224       0x33 build/default/production/_ext/1472/Main.o
                0xa0000224                AppConfig
                0xa0000258                . = ALIGN (0x4)
 *fill*         0xa0000257        0x1 00
                0xa0000258                . = ALIGN (0x4)
                0xa0000258                _end = .
                0xa0000258                _bss_end = .
                0x00008000                _bmxdudba_address = 0x8000
                0x00008000                _bmxdupba_address = 0x8000

/DISCARD/
 *(.pdr)
 *(.reginfo)
 *(.rel.dyn)
 *(.note.GNU-stack)
 *(.note.GNU-stack)
 *(.gnu_debuglink)
 *(.gnu.lto_*)
 *(.discard)

.stab
 *(.stab)

.stabstr
 *(.stabstr)

.stab.excl
 *(.stab.excl)

.stab.exclstr
 *(.stab.exclstr)

.stab.index
 *(.stab.index)

.stab.indexstr
 *(.stab.indexstr)

.comment        0x00000000      0x244
 *(.comment)
 .comment       0x00000000       0x51 build/default/production/_ext/1472/BerkeleyTCPClientDemo.o
                                 0x52 (size before relaxing)
 .comment       0x00000000       0x52 build/default/production/_ext/1472/BerkeleyTCPServerDemo.o
 .comment       0x00000000       0x52 build/default/production/_ext/1472/BerkeleyUDPClientDemo.o
 .comment       0x00000000       0x52 build/default/production/_ext/1472/GenericTCPClient.o
 .comment       0x00000000       0x52 build/default/production/_ext/1472/GenericTCPServer.o
 .comment       0x00000000       0x52 build/default/production/_ext/1472/LegacyHTTPApp.o
 .comment       0x00000000       0x52 build/default/production/_ext/1472/PingDemo.o
 .comment       0x00000000       0x52 build/default/production/_ext/1472/SMTPDemo.o
 .comment       0x00000000       0x52 build/default/production/_ext/1472/UARTConfig.o
 .comment       0x00000000       0x52 build/default/production/_ext/1295770447/Announce.o
 .comment       0x00000000       0x52 build/default/production/_ext/1295770447/ARCFOUR.o
 .comment       0x00000000       0x52 build/default/production/_ext/1295770447/ARP.o
 .comment       0x00000000       0x52 build/default/production/_ext/1295770447/AutoIP.o
 .comment       0x00000000       0x52 build/default/production/_ext/1295770447/BerkeleyAPI.o
 .comment       0x00000000       0x52 build/default/production/_ext/1295770447/BigInt.o
 .comment       0x00000000       0x52 build/default/production/_ext/1295770447/Delay.o
 .comment       0x00000000       0x52 build/default/production/_ext/1295770447/DHCP.o
 .comment       0x00000000       0x52 build/default/production/_ext/1295770447/DHCPs.o
 .comment       0x00000000       0x52 build/default/production/_ext/1295770447/DNS.o
 .comment       0x00000000       0x52 build/default/production/_ext/1295770447/DNSs.o
 .comment       0x00000000       0x52 build/default/production/_ext/1295770447/DynDNS.o
 .comment       0x00000000       0x52 build/default/production/_ext/1295770447/ENC28J60.o
 .comment       0x00000000       0x52 build/default/production/_ext/1295770447/ENCX24J600.o
 .comment       0x00000000       0x52 build/default/production/_ext/1295770447/FileSystem.o
 .comment       0x00000000       0x52 build/default/production/_ext/1295770447/FTP.o
 .comment       0x00000000       0x52 build/default/production/_ext/1295770447/Hashes.o
 .comment       0x00000000       0x52 build/default/production/_ext/1295770447/Helpers.o
 .comment       0x00000000       0x52 build/default/production/_ext/1295770447/HTTP2.o
 .comment       0x00000000       0x52 build/default/production/_ext/1295770447/HTTP.o
 .comment       0x00000000       0x52 build/default/production/_ext/1295770447/ICMP.o
 .comment       0x00000000       0x52 build/default/production/_ext/1295770447/IP.o
 .comment       0x00000000       0x52 build/default/production/_ext/1295770447/LCDBlocking.o
 .comment       0x00000000       0x52 build/default/production/_ext/1295770447/MPFS.o
 .comment       0x00000000       0x52 build/default/production/_ext/1295770447/NBNS.o
 .comment       0x00000000       0x52 build/default/production/_ext/1295770447/Random.o
 .comment       0x00000000       0x52 build/default/production/_ext/1295770447/Reboot.o
 .comment       0x00000000       0x52 build/default/production/_ext/1295770447/RSA.o
 .comment       0x00000000       0x52 build/default/production/_ext/1295770447/SMTP.o
 .comment       0x00000000       0x52 build/default/production/_ext/1295770447/SNMP.o
 .comment       0x00000000       0x52 build/default/production/_ext/1295770447/SNMPv3.o
 .comment       0x00000000       0x52 build/default/production/_ext/1295770447/SNMPv3USM.o
 .comment       0x00000000       0x52 build/default/production/_ext/1295770447/SNTP.o
 .comment       0x00000000       0x52 build/default/production/_ext/1295770447/SPIEEPROM.o
 .comment       0x00000000       0x52 build/default/production/_ext/1295770447/SPIFlash.o
 .comment       0x00000000       0x52 build/default/production/_ext/1295770447/SPIRAM.o
 .comment       0x00000000       0x52 build/default/production/_ext/1295770447/SSL.o
 .comment       0x00000000       0x52 build/default/production/_ext/1295770447/StackTsk.o
 .comment       0x00000000       0x52 build/default/production/_ext/1295770447/TCP.o
 .comment       0x00000000       0x52 build/default/production/_ext/1295770447/TCPPerformanceTest.o
 .comment       0x00000000       0x52 build/default/production/_ext/1295770447/Telnet.o
 .comment       0x00000000       0x52 build/default/production/_ext/1295770447/TFTPc.o
 .comment       0x00000000       0x52 build/default/production/_ext/1295770447/Tick.o
 .comment       0x00000000       0x52 build/default/production/_ext/1295770447/UART2TCPBridge.o
 .comment       0x00000000       0x52 build/default/production/_ext/1295770447/UART.o
 .comment       0x00000000       0x52 build/default/production/_ext/1295770447/UDP.o
 .comment       0x00000000       0x52 build/default/production/_ext/1295770447/UDPPerformanceTest.o
 .comment       0x00000000       0x52 build/default/production/_ext/1295770447/ZeroconfHelper.o
 .comment       0x00000000       0x52 build/default/production/_ext/1295770447/ZeroconfLinkLocal.o
 .comment       0x00000000       0x52 build/default/production/_ext/1295770447/ZeroconfMulticastDNS.o
 .comment       0x00000000       0x52 build/default/production/_ext/1472/MPFSImg2.o
 .comment       0x00000000       0x52 build/default/production/_ext/1472/MPFSImg.o
 .comment       0x00000000       0x52 build/default/production/_ext/1472/CustomHTTPApp.o
 .comment       0x00000000       0x52 build/default/production/_ext/1472/CustomSNMPApp.o
 .comment       0x00000000       0x52 build/default/production/_ext/1472/CustomSSLCert.o
 .comment       0x00000000       0x52 build/default/production/_ext/1472/Main.o
 .comment       0x00000000       0x52 build/default/production/_ext/1472/Cerebot.o
 .comment       0x00000000       0x52 build/default/production/_ext/1295770447/MPFS2.o
 .comment       0x00000000       0x52 c:/program files/microchip/mplab c32 suite/bin/../lib/gcc/pic32mx/4.5.1\libgcc.a(_udivdi3.o)
 .comment       0x00000051       0x55 c:/program files/microchip/mplab c32 suite/bin/../lib/gcc/pic32mx/4.5.1/../../../../pic32mx/lib\libc.a(memcmp.o)
                                 0x56 (size before relaxing)
 .comment       0x000000a6       0x55 c:/program files/microchip/mplab c32 suite/bin/../lib/gcc/pic32mx/4.5.1/../../../../pic32mx/lib\libc.a(memset.o)
                                 0x56 (size before relaxing)
 .comment       0x000000fb       0x55 c:/program files/microchip/mplab c32 suite/bin/../lib/gcc/pic32mx/4.5.1/../../../../pic32mx/lib\libc.a(strcmp.o)
                                 0x56 (size before relaxing)
 .comment       0x00000150       0x55 c:/program files/microchip/mplab c32 suite/bin/../lib/gcc/pic32mx/4.5.1/../../../../pic32mx/lib\libc.a(strlen.o)
                                 0x56 (size before relaxing)
 .comment       0x00000000       0x52 c:/program files/microchip/mplab c32 suite/bin/../lib/gcc/pic32mx/4.5.1/../../../../pic32mx/lib\libc.a(atol.o)
 .comment       0x000001a5       0x4e c:/program files/microchip/mplab c32 suite/bin/../lib/gcc/pic32mx/4.5.1/../../../../pic32mx/lib\libc.a(ctype.o)
                                 0xa0 (size before relaxing)
 .comment       0x00000000       0x52 c:/program files/microchip/mplab c32 suite/bin/../lib/gcc/pic32mx/4.5.1/../../../../pic32mx/lib\libc.a(default-general-exception-handler.o)
 .comment       0x00000000       0x52 c:/program files/microchip/mplab c32 suite/bin/../lib/gcc/pic32mx/4.5.1/../../../../pic32mx/lib\libc.a(default-bootstrap-exception-handler.o)
 .comment       0x00000000       0x52 c:/program files/microchip/mplab c32 suite/bin/../lib/gcc/pic32mx/4.5.1/../../../../pic32mx/lib\libc.a(default-on-reset.o)
 .comment       0x00000000       0x52 c:/program files/microchip/mplab c32 suite/bin/../lib/gcc/pic32mx/4.5.1/../../../../pic32mx/lib\libc.a(default-on-bootstrap.o)
 .comment       0x000001f3       0x51 c:/program files/microchip/mplab c32 suite/bin/../lib/gcc/pic32mx/4.5.1/../../../../pic32mx/lib\libmchp_peripheral_32MX460F512L.a(soft_reset_lib.o)
                                 0x52 (size before relaxing)
 .comment       0x00000000       0x52 c:/program files/microchip/mplab c32 suite/bin/../lib/gcc/pic32mx/4.5.1/../../../../pic32mx/lib\libmchp_peripheral_32MX460F512L.a(pcache.o)
 .comment       0x00000000       0x52 c:/program files/microchip/mplab c32 suite/bin/../lib/gcc/pic32mx/4.5.1/../../../../pic32mx/lib\libmchp_peripheral_32MX460F512L.a(int_configure_system_lib.o)
 .comment       0x00000000       0x52 c:/program files/microchip/mplab c32 suite/bin/../lib/gcc/pic32mx/4.5.1/../../../../pic32mx/lib\libmchp_peripheral_32MX460F512L.a(int_enable_interrupts_lib.o)
 .comment       0x00000000       0x52 c:/program files/microchip/mplab c32 suite/bin/../lib/gcc/pic32mx/4.5.1/../../../../pic32mx/lib\libmchp_peripheral_32MX460F512L.a(int_disable_interrupts_lib.o)
 .comment       0x00000000       0x52 c:/program files/microchip/mplab c32 suite/bin/../lib/gcc/pic32mx/4.5.1/../../../../pic32mx/lib\libmchp_peripheral_32MX460F512L.a(int_restore_interrupts_lib.o)
 .comment       0x00000000       0x52 c:/program files/microchip/mplab c32 suite/bin/../lib/gcc/pic32mx/4.5.1/../../../../pic32mx/lib\libmchp_peripheral_32MX460F512L.a(int_enable_mv_int_lib.o)
 .comment       0x00000000       0x52 c:/program files/microchip/mplab c32 suite/bin/../lib/gcc/pic32mx/4.5.1/../../../../pic32mx/lib\libmchp_peripheral_32MX460F512L.a(int_tbl_lib.o)
 .comment       0x00000000       0x52 c:/program files/microchip/mplab c32 suite/bin/../lib/gcc/pic32mx/4.5.1/../../../../pic32mx/lib\libmchp_peripheral_32MX460F512L.a(uart_lib.o)

.debug
 *(.debug)

.line
 *(.line)

.debug_srcinfo
 *(.debug_srcinfo)

.debug_sfnames
 *(.debug_sfnames)

.debug_aranges  0x00000000      0x500
 *(.debug_aranges)
 .debug_aranges
                0x00000000       0x20 build/default/production/_ext/1472/PingDemo.o
 .debug_aranges
                0x00000020       0x20 build/default/production/_ext/1295770447/Announce.o
 .debug_aranges
                0x00000040       0x20 build/default/production/_ext/1295770447/ARP.o
 .debug_aranges
                0x00000060       0x20 build/default/production/_ext/1295770447/Delay.o
 .debug_aranges
                0x00000080       0x20 build/default/production/_ext/1295770447/DNS.o
 .debug_aranges
                0x000000a0       0x20 build/default/production/_ext/1295770447/ENC28J60.o
 .debug_aranges
                0x000000c0       0x20 build/default/production/_ext/1295770447/Helpers.o
 .debug_aranges
                0x000000e0       0x20 build/default/production/_ext/1295770447/HTTP2.o
 .debug_aranges
                0x00000100       0x20 build/default/production/_ext/1295770447/ICMP.o
 .debug_aranges
                0x00000120       0x20 build/default/production/_ext/1295770447/IP.o
 .debug_aranges
                0x00000140       0x20 build/default/production/_ext/1295770447/NBNS.o
 .debug_aranges
                0x00000160       0x20 build/default/production/_ext/1295770447/Reboot.o
 .debug_aranges
                0x00000180       0x20 build/default/production/_ext/1295770447/SNTP.o
 .debug_aranges
                0x000001a0       0x20 build/default/production/_ext/1295770447/StackTsk.o
 .debug_aranges
                0x000001c0       0x20 build/default/production/_ext/1295770447/TCP.o
 .debug_aranges
                0x000001e0       0x20 build/default/production/_ext/1295770447/Tick.o
 .debug_aranges
                0x00000200       0x20 build/default/production/_ext/1295770447/UDP.o
 .debug_aranges
                0x00000220       0x20 build/default/production/_ext/1472/CustomHTTPApp.o
 .debug_aranges
                0x00000240       0x20 build/default/production/_ext/1472/Main.o
 .debug_aranges
                0x00000260       0x20 build/default/production/_ext/1472/Cerebot.o
 .debug_aranges
                0x00000280       0x20 build/default/production/_ext/1295770447/MPFS2.o
 .debug_aranges
                0x000002a0       0x20 c:/program files/microchip/mplab c32 suite/bin/../lib/gcc/pic32mx/4.5.1\libgcc.a(_udivdi3.o)
 .debug_aranges
                0x000002c0       0x20 c:/program files/microchip/mplab c32 suite/bin/../lib/gcc/pic32mx/4.5.1/../../../../pic32mx/lib\libc.a(atol.o)
 .debug_aranges
                0x000002e0       0x20 c:/program files/microchip/mplab c32 suite/bin/../lib/gcc/pic32mx/4.5.1/../../../../pic32mx/lib\libc.a(default-general-exception-handler.o)
 .debug_aranges
                0x00000300       0x20 c:/program files/microchip/mplab c32 suite/bin/../lib/gcc/pic32mx/4.5.1/../../../../pic32mx/lib\libc.a(default-bootstrap-exception-handler.o)
 .debug_aranges
                0x00000320       0x20 c:/program files/microchip/mplab c32 suite/bin/../lib/gcc/pic32mx/4.5.1/../../../../pic32mx/lib\libc.a(default-on-reset.o)
 .debug_aranges
                0x00000340       0x20 c:/program files/microchip/mplab c32 suite/bin/../lib/gcc/pic32mx/4.5.1/../../../../pic32mx/lib\libc.a(default-on-bootstrap.o)
 .debug_aranges
                0x00000360       0x20 c:/program files/microchip/mplab c32 suite/bin/../lib/gcc/pic32mx/4.5.1/../../../../pic32mx/lib\libmchp_peripheral_32MX460F512L.a(soft_reset_lib.o)
 .debug_aranges
                0x00000380       0x28 c:/program files/microchip/mplab c32 suite/bin/../lib/gcc/pic32mx/4.5.1/../../../../pic32mx/lib\libmchp_peripheral_32MX460F512L.a(pcache.o)
 .debug_aranges
                0x000003a8       0x20 c:/program files/microchip/mplab c32 suite/bin/../lib/gcc/pic32mx/4.5.1/../../../../pic32mx/lib\libmchp_peripheral_32MX460F512L.a(int_configure_system_lib.o)
 .debug_aranges
                0x000003c8       0x20 c:/program files/microchip/mplab c32 suite/bin/../lib/gcc/pic32mx/4.5.1/../../../../pic32mx/lib\libmchp_peripheral_32MX460F512L.a(int_enable_interrupts_lib.o)
 .debug_aranges
                0x000003e8       0x20 c:/program files/microchip/mplab c32 suite/bin/../lib/gcc/pic32mx/4.5.1/../../../../pic32mx/lib\libmchp_peripheral_32MX460F512L.a(int_disable_interrupts_lib.o)
 .debug_aranges
                0x00000408       0x20 c:/program files/microchip/mplab c32 suite/bin/../lib/gcc/pic32mx/4.5.1/../../../../pic32mx/lib\libmchp_peripheral_32MX460F512L.a(int_restore_interrupts_lib.o)
 .debug_aranges
                0x00000428       0x20 c:/program files/microchip/mplab c32 suite/bin/../lib/gcc/pic32mx/4.5.1/../../../../pic32mx/lib\libmchp_peripheral_32MX460F512L.a(int_enable_mv_int_lib.o)
 .debug_aranges
                0x00000448       0x60 c:/program files/microchip/mplab c32 suite/bin/../lib/gcc/pic32mx/4.5.1/../../../../pic32mx/lib\libmchp_peripheral_32MX460F512L.a(int_tbl_lib.o)
 .debug_aranges
                0x000004a8       0x58 c:/program files/microchip/mplab c32 suite/bin/../lib/gcc/pic32mx/4.5.1/../../../../pic32mx/lib\libmchp_peripheral_32MX460F512L.a(uart_lib.o)

.debug_pubnames
                0x00000000     0x13bd
 *(.debug_pubnames)
 .debug_pubnames
                0x00000000       0x1f build/default/production/_ext/1472/PingDemo.o
 .debug_pubnames
                0x0000001f       0x33 build/default/production/_ext/1295770447/Announce.o
 .debug_pubnames
                0x00000052       0x60 build/default/production/_ext/1295770447/ARP.o
 .debug_pubnames
                0x000000b2       0x2c build/default/production/_ext/1295770447/Delay.o
 .debug_pubnames
                0x000000de       0x55 build/default/production/_ext/1295770447/DNS.o
 .debug_pubnames
                0x00000133      0x1b8 build/default/production/_ext/1295770447/ENC28J60.o
 .debug_pubnames
                0x000002eb      0x10d build/default/production/_ext/1295770447/Helpers.o
 .debug_pubnames
                0x000003f8       0xcf build/default/production/_ext/1295770447/HTTP2.o
 .debug_pubnames
                0x000004c7       0x7f build/default/production/_ext/1295770447/ICMP.o
 .debug_pubnames
                0x00000546       0x44 build/default/production/_ext/1295770447/IP.o
 .debug_pubnames
                0x0000058a       0x1f build/default/production/_ext/1295770447/NBNS.o
 .debug_pubnames
                0x000005a9       0x21 build/default/production/_ext/1295770447/Reboot.o
 .debug_pubnames
                0x000005ca       0x37 build/default/production/_ext/1295770447/SNTP.o
 .debug_pubnames
                0x00000601       0x53 build/default/production/_ext/1295770447/StackTsk.o
 .debug_pubnames
                0x00000654      0x1ba build/default/production/_ext/1295770447/TCP.o
 .debug_pubnames
                0x0000080e       0x7e build/default/production/_ext/1295770447/Tick.o
 .debug_pubnames
                0x0000088c      0x143 build/default/production/_ext/1295770447/UDP.o
 .debug_pubnames
                0x000009cf       0x21 build/default/production/_ext/1472/MPFSImg2.o
 .debug_pubnames
                0x000009f0      0x3ba build/default/production/_ext/1472/CustomHTTPApp.o
 .debug_pubnames
                0x00000daa       0x36 build/default/production/_ext/1472/Main.o
 .debug_pubnames
                0x00000de0      0x105 build/default/production/_ext/1472/Cerebot.o
 .debug_pubnames
                0x00000ee5      0x140 build/default/production/_ext/1295770447/MPFS2.o
 .debug_pubnames
                0x00001025       0x20 c:/program files/microchip/mplab c32 suite/bin/../lib/gcc/pic32mx/4.5.1\libgcc.a(_udivdi3.o)
 .debug_pubnames
                0x00001045       0x1b c:/program files/microchip/mplab c32 suite/bin/../lib/gcc/pic32mx/4.5.1/../../../../pic32mx/lib\libc.a(atol.o)
 .debug_pubnames
                0x00001060       0x31 c:/program files/microchip/mplab c32 suite/bin/../lib/gcc/pic32mx/4.5.1/../../../../pic32mx/lib\libc.a(default-general-exception-handler.o)
 .debug_pubnames
                0x00001091       0x33 c:/program files/microchip/mplab c32 suite/bin/../lib/gcc/pic32mx/4.5.1/../../../../pic32mx/lib\libc.a(default-bootstrap-exception-handler.o)
 .debug_pubnames
                0x000010c4       0x20 c:/program files/microchip/mplab c32 suite/bin/../lib/gcc/pic32mx/4.5.1/../../../../pic32mx/lib\libc.a(default-on-reset.o)
 .debug_pubnames
                0x000010e4       0x24 c:/program files/microchip/mplab c32 suite/bin/../lib/gcc/pic32mx/4.5.1/../../../../pic32mx/lib\libc.a(default-on-bootstrap.o)
 .debug_pubnames
                0x00001108       0x20 c:/program files/microchip/mplab c32 suite/bin/../lib/gcc/pic32mx/4.5.1/../../../../pic32mx/lib\libmchp_peripheral_32MX460F512L.a(soft_reset_lib.o)
 .debug_pubnames
                0x00001128       0x3b c:/program files/microchip/mplab c32 suite/bin/../lib/gcc/pic32mx/4.5.1/../../../../pic32mx/lib\libmchp_peripheral_32MX460F512L.a(pcache.o)
 .debug_pubnames
                0x00001163       0x29 c:/program files/microchip/mplab c32 suite/bin/../lib/gcc/pic32mx/4.5.1/../../../../pic32mx/lib\libmchp_peripheral_32MX460F512L.a(int_configure_system_lib.o)
 .debug_pubnames
                0x0000118c       0x2a c:/program files/microchip/mplab c32 suite/bin/../lib/gcc/pic32mx/4.5.1/../../../../pic32mx/lib\libmchp_peripheral_32MX460F512L.a(int_enable_interrupts_lib.o)
 .debug_pubnames
                0x000011b6       0x2b c:/program files/microchip/mplab c32 suite/bin/../lib/gcc/pic32mx/4.5.1/../../../../pic32mx/lib\libmchp_peripheral_32MX460F512L.a(int_disable_interrupts_lib.o)
 .debug_pubnames
                0x000011e1       0x2b c:/program files/microchip/mplab c32 suite/bin/../lib/gcc/pic32mx/4.5.1/../../../../pic32mx/lib\libmchp_peripheral_32MX460F512L.a(int_restore_interrupts_lib.o)
 .debug_pubnames
                0x0000120c       0x36 c:/program files/microchip/mplab c32 suite/bin/../lib/gcc/pic32mx/4.5.1/../../../../pic32mx/lib\libmchp_peripheral_32MX460F512L.a(int_enable_mv_int_lib.o)
 .debug_pubnames
                0x00001242       0xca c:/program files/microchip/mplab c32 suite/bin/../lib/gcc/pic32mx/4.5.1/../../../../pic32mx/lib\libmchp_peripheral_32MX460F512L.a(int_tbl_lib.o)
 .debug_pubnames
                0x0000130c       0xb1 c:/program files/microchip/mplab c32 suite/bin/../lib/gcc/pic32mx/4.5.1/../../../../pic32mx/lib\libmchp_peripheral_32MX460F512L.a(uart_lib.o)

.debug_info     0x00000000    0x55505
 *(.debug_info .gnu.linkonce.wi.*)
 .debug_info    0x00000000      0xf59 build/default/production/_ext/1472/BerkeleyTCPClientDemo.o
 .debug_info    0x00000f59      0xf59 build/default/production/_ext/1472/BerkeleyTCPServerDemo.o
 .debug_info    0x00001eb2      0xf59 build/default/production/_ext/1472/BerkeleyUDPClientDemo.o
 .debug_info    0x00002e0b      0xf54 build/default/production/_ext/1472/GenericTCPClient.o
 .debug_info    0x00003d5f      0xf54 build/default/production/_ext/1472/GenericTCPServer.o
 .debug_info    0x00004cb3      0xf51 build/default/production/_ext/1472/LegacyHTTPApp.o
 .debug_info    0x00005c04     0x1159 build/default/production/_ext/1472/PingDemo.o
 .debug_info    0x00006d5d      0xf4c build/default/production/_ext/1472/SMTPDemo.o
 .debug_info    0x00007ca9      0xf4e build/default/production/_ext/1472/UARTConfig.o
 .debug_info    0x00008bf7     0x1810 build/default/production/_ext/1295770447/Announce.o
 .debug_info    0x0000a407      0xf64 build/default/production/_ext/1295770447/ARCFOUR.o
 .debug_info    0x0000b36b     0x190c build/default/production/_ext/1295770447/ARP.o
 .debug_info    0x0000cc77      0xf63 build/default/production/_ext/1295770447/AutoIP.o
 .debug_info    0x0000dbda      0xf68 build/default/production/_ext/1295770447/BerkeleyAPI.o
 .debug_info    0x0000eb42      0xf63 build/default/production/_ext/1295770447/BigInt.o
 .debug_info    0x0000faa5      0xff7 build/default/production/_ext/1295770447/Delay.o
 .debug_info    0x00010a9c      0xf61 build/default/production/_ext/1295770447/DHCP.o
 .debug_info    0x000119fd      0xf62 build/default/production/_ext/1295770447/DHCPs.o
 .debug_info    0x0001295f     0x1b9e build/default/production/_ext/1295770447/DNS.o
 .debug_info    0x000144fd      0xf61 build/default/production/_ext/1295770447/DNSs.o
 .debug_info    0x0001545e      0xf63 build/default/production/_ext/1295770447/DynDNS.o
 .debug_info    0x000163c1     0x3eba build/default/production/_ext/1295770447/ENC28J60.o
 .debug_info    0x0001a27b      0xf67 build/default/production/_ext/1295770447/ENCX24J600.o
 .debug_info    0x0001b1e2      0xf67 build/default/production/_ext/1295770447/FileSystem.o
 .debug_info    0x0001c149      0xf60 build/default/production/_ext/1295770447/FTP.o
 .debug_info    0x0001d0a9      0xf63 build/default/production/_ext/1295770447/Hashes.o
 .debug_info    0x0001e00c     0x1ea5 build/default/production/_ext/1295770447/Helpers.o
 .debug_info    0x0001feb1     0x2123 build/default/production/_ext/1295770447/HTTP2.o
 .debug_info    0x00021fd4      0xf61 build/default/production/_ext/1295770447/HTTP.o
 .debug_info    0x00022f35     0x18f2 build/default/production/_ext/1295770447/ICMP.o
 .debug_info    0x00024827     0x192f build/default/production/_ext/1295770447/IP.o
 .debug_info    0x00026156      0xf68 build/default/production/_ext/1295770447/LCDBlocking.o
 .debug_info    0x000270be      0xf61 build/default/production/_ext/1295770447/MPFS.o
 .debug_info    0x0002801f     0x1947 build/default/production/_ext/1295770447/NBNS.o
 .debug_info    0x00029966      0xf63 build/default/production/_ext/1295770447/Random.o
 .debug_info    0x0002a8c9     0x184a build/default/production/_ext/1295770447/Reboot.o
 .debug_info    0x0002c113      0xf60 build/default/production/_ext/1295770447/RSA.o
 .debug_info    0x0002d073      0xf61 build/default/production/_ext/1295770447/SMTP.o
 .debug_info    0x0002dfd4      0xf61 build/default/production/_ext/1295770447/SNMP.o
 .debug_info    0x0002ef35      0xf63 build/default/production/_ext/1295770447/SNMPv3.o
 .debug_info    0x0002fe98      0xf66 build/default/production/_ext/1295770447/SNMPv3USM.o
 .debug_info    0x00030dfe     0x18e3 build/default/production/_ext/1295770447/SNTP.o
 .debug_info    0x000326e1      0xf66 build/default/production/_ext/1295770447/SPIEEPROM.o
 .debug_info    0x00033647      0xf65 build/default/production/_ext/1295770447/SPIFlash.o
 .debug_info    0x000345ac      0xf63 build/default/production/_ext/1295770447/SPIRAM.o
 .debug_info    0x0003550f      0xf60 build/default/production/_ext/1295770447/SSL.o
 .debug_info    0x0003646f     0x17b9 build/default/production/_ext/1295770447/StackTsk.o
 .debug_info    0x00037c28     0x2fb9 build/default/production/_ext/1295770447/TCP.o
 .debug_info    0x0003abe1      0xf6f build/default/production/_ext/1295770447/TCPPerformanceTest.o
 .debug_info    0x0003bb50      0xf63 build/default/production/_ext/1295770447/Telnet.o
 .debug_info    0x0003cab3      0xf62 build/default/production/_ext/1295770447/TFTPc.o
 .debug_info    0x0003da15     0x16f1 build/default/production/_ext/1295770447/Tick.o
 .debug_info    0x0003f106      0xf6b build/default/production/_ext/1295770447/UART2TCPBridge.o
 .debug_info    0x00040071      0xf61 build/default/production/_ext/1295770447/UART.o
 .debug_info    0x00040fd2     0x1e30 build/default/production/_ext/1295770447/UDP.o
 .debug_info    0x00042e02      0xf6f build/default/production/_ext/1295770447/UDPPerformanceTest.o
 .debug_info    0x00043d71      0xf6b build/default/production/_ext/1295770447/ZeroconfHelper.o
 .debug_info    0x00044cdc      0xf6e build/default/production/_ext/1295770447/ZeroconfLinkLocal.o
 .debug_info    0x00045c4a      0xf71 build/default/production/_ext/1295770447/ZeroconfMulticastDNS.o
 .debug_info    0x00046bbb      0xf89 build/default/production/_ext/1472/MPFSImg2.o
 .debug_info    0x00047b44      0xf4b build/default/production/_ext/1472/MPFSImg.o
 .debug_info    0x00048a8f     0x2c2f build/default/production/_ext/1472/CustomHTTPApp.o
 .debug_info    0x0004b6be      0xf51 build/default/production/_ext/1472/CustomSNMPApp.o
 .debug_info    0x0004c60f      0xf51 build/default/production/_ext/1472/CustomSSLCert.o
 .debug_info    0x0004d560     0x191d build/default/production/_ext/1472/Main.o
 .debug_info    0x0004ee7d     0x3a88 build/default/production/_ext/1472/Cerebot.o
 .debug_info    0x00052905     0x1719 build/default/production/_ext/1295770447/MPFS2.o
 .debug_info    0x0005401e      0x783 c:/program files/microchip/mplab c32 suite/bin/../lib/gcc/pic32mx/4.5.1\libgcc.a(_udivdi3.o)
 .debug_info    0x000547a1       0xcd c:/program files/microchip/mplab c32 suite/bin/../lib/gcc/pic32mx/4.5.1/../../../../pic32mx/lib\libc.a(atol.o)
 .debug_info    0x0005486e        0x0 c:/program files/microchip/mplab c32 suite/bin/../lib/gcc/pic32mx/4.5.1/../../../../pic32mx/lib\libc.a(ctype.o)
 .debug_info    0x0005486e      0x102 c:/program files/microchip/mplab c32 suite/bin/../lib/gcc/pic32mx/4.5.1/../../../../pic32mx/lib\libc.a(default-general-exception-handler.o)
 .debug_info    0x00054970      0x106 c:/program files/microchip/mplab c32 suite/bin/../lib/gcc/pic32mx/4.5.1/../../../../pic32mx/lib\libc.a(default-bootstrap-exception-handler.o)
 .debug_info    0x00054a76       0xe0 c:/program files/microchip/mplab c32 suite/bin/../lib/gcc/pic32mx/4.5.1/../../../../pic32mx/lib\libc.a(default-on-reset.o)
 .debug_info    0x00054b56       0xe8 c:/program files/microchip/mplab c32 suite/bin/../lib/gcc/pic32mx/4.5.1/../../../../pic32mx/lib\libc.a(default-on-bootstrap.o)
 .debug_info    0x00054c3e       0xc7 c:/program files/microchip/mplab c32 suite/bin/../lib/gcc/pic32mx/4.5.1/../../../../pic32mx/lib\libmchp_peripheral_32MX460F512L.a(soft_reset_lib.o)
 .debug_info    0x00054d05       0xd4 c:/program files/microchip/mplab c32 suite/bin/../lib/gcc/pic32mx/4.5.1/../../../../pic32mx/lib\libmchp_peripheral_32MX460F512L.a(pcache.o)
 .debug_info    0x00054dd9       0xc7 c:/program files/microchip/mplab c32 suite/bin/../lib/gcc/pic32mx/4.5.1/../../../../pic32mx/lib\libmchp_peripheral_32MX460F512L.a(int_configure_system_lib.o)
 .debug_info    0x00054ea0       0xc9 c:/program files/microchip/mplab c32 suite/bin/../lib/gcc/pic32mx/4.5.1/../../../../pic32mx/lib\libmchp_peripheral_32MX460F512L.a(int_enable_interrupts_lib.o)
 .debug_info    0x00054f69       0xcb c:/program files/microchip/mplab c32 suite/bin/../lib/gcc/pic32mx/4.5.1/../../../../pic32mx/lib\libmchp_peripheral_32MX460F512L.a(int_disable_interrupts_lib.o)
 .debug_info    0x00055034       0xcb c:/program files/microchip/mplab c32 suite/bin/../lib/gcc/pic32mx/4.5.1/../../../../pic32mx/lib\libmchp_peripheral_32MX460F512L.a(int_restore_interrupts_lib.o)
 .debug_info    0x000550ff       0xd1 c:/program files/microchip/mplab c32 suite/bin/../lib/gcc/pic32mx/4.5.1/../../../../pic32mx/lib\libmchp_peripheral_32MX460F512L.a(int_enable_mv_int_lib.o)
 .debug_info    0x000551d0      0x1ab c:/program files/microchip/mplab c32 suite/bin/../lib/gcc/pic32mx/4.5.1/../../../../pic32mx/lib\libmchp_peripheral_32MX460F512L.a(int_tbl_lib.o)
 .debug_info    0x0005537b      0x18a c:/program files/microchip/mplab c32 suite/bin/../lib/gcc/pic32mx/4.5.1/../../../../pic32mx/lib\libmchp_peripheral_32MX460F512L.a(uart_lib.o)

.debug_abbrev   0x00000000     0x7537
 *(.debug_abbrev)
 .debug_abbrev  0x00000000      0x166 build/default/production/_ext/1472/BerkeleyTCPClientDemo.o
 .debug_abbrev  0x00000166      0x166 build/default/production/_ext/1472/BerkeleyTCPServerDemo.o
 .debug_abbrev  0x000002cc      0x166 build/default/production/_ext/1472/BerkeleyUDPClientDemo.o
 .debug_abbrev  0x00000432      0x166 build/default/production/_ext/1472/GenericTCPClient.o
 .debug_abbrev  0x00000598      0x166 build/default/production/_ext/1472/GenericTCPServer.o
 .debug_abbrev  0x000006fe      0x166 build/default/production/_ext/1472/LegacyHTTPApp.o
 .debug_abbrev  0x00000864      0x1a2 build/default/production/_ext/1472/PingDemo.o
 .debug_abbrev  0x00000a06      0x166 build/default/production/_ext/1472/SMTPDemo.o
 .debug_abbrev  0x00000b6c      0x166 build/default/production/_ext/1472/UARTConfig.o
 .debug_abbrev  0x00000cd2      0x1e5 build/default/production/_ext/1295770447/Announce.o
 .debug_abbrev  0x00000eb7      0x166 build/default/production/_ext/1295770447/ARCFOUR.o
 .debug_abbrev  0x0000101d      0x266 build/default/production/_ext/1295770447/ARP.o
 .debug_abbrev  0x00001283      0x166 build/default/production/_ext/1295770447/AutoIP.o
 .debug_abbrev  0x000013e9      0x166 build/default/production/_ext/1295770447/BerkeleyAPI.o
 .debug_abbrev  0x0000154f      0x166 build/default/production/_ext/1295770447/BigInt.o
 .debug_abbrev  0x000016b5      0x19b build/default/production/_ext/1295770447/Delay.o
 .debug_abbrev  0x00001850      0x166 build/default/production/_ext/1295770447/DHCP.o
 .debug_abbrev  0x000019b6      0x166 build/default/production/_ext/1295770447/DHCPs.o
 .debug_abbrev  0x00001b1c      0x262 build/default/production/_ext/1295770447/DNS.o
 .debug_abbrev  0x00001d7e      0x166 build/default/production/_ext/1295770447/DNSs.o
 .debug_abbrev  0x00001ee4      0x166 build/default/production/_ext/1295770447/DynDNS.o
 .debug_abbrev  0x0000204a      0x308 build/default/production/_ext/1295770447/ENC28J60.o
 .debug_abbrev  0x00002352      0x166 build/default/production/_ext/1295770447/ENCX24J600.o
 .debug_abbrev  0x000024b8      0x166 build/default/production/_ext/1295770447/FileSystem.o
 .debug_abbrev  0x0000261e      0x166 build/default/production/_ext/1295770447/FTP.o
 .debug_abbrev  0x00002784      0x166 build/default/production/_ext/1295770447/Hashes.o
 .debug_abbrev  0x000028ea      0x23e build/default/production/_ext/1295770447/Helpers.o
 .debug_abbrev  0x00002b28      0x2c3 build/default/production/_ext/1295770447/HTTP2.o
 .debug_abbrev  0x00002deb      0x166 build/default/production/_ext/1295770447/HTTP.o
 .debug_abbrev  0x00002f51      0x246 build/default/production/_ext/1295770447/ICMP.o
 .debug_abbrev  0x00003197      0x242 build/default/production/_ext/1295770447/IP.o
 .debug_abbrev  0x000033d9      0x166 build/default/production/_ext/1295770447/LCDBlocking.o
 .debug_abbrev  0x0000353f      0x166 build/default/production/_ext/1295770447/MPFS.o
 .debug_abbrev  0x000036a5      0x23c build/default/production/_ext/1295770447/NBNS.o
 .debug_abbrev  0x000038e1      0x166 build/default/production/_ext/1295770447/Random.o
 .debug_abbrev  0x00003a47      0x1b1 build/default/production/_ext/1295770447/Reboot.o
 .debug_abbrev  0x00003bf8      0x166 build/default/production/_ext/1295770447/RSA.o
 .debug_abbrev  0x00003d5e      0x166 build/default/production/_ext/1295770447/SMTP.o
 .debug_abbrev  0x00003ec4      0x166 build/default/production/_ext/1295770447/SNMP.o
 .debug_abbrev  0x0000402a      0x166 build/default/production/_ext/1295770447/SNMPv3.o
 .debug_abbrev  0x00004190      0x166 build/default/production/_ext/1295770447/SNMPv3USM.o
 .debug_abbrev  0x000042f6      0x1ef build/default/production/_ext/1295770447/SNTP.o
 .debug_abbrev  0x000044e5      0x166 build/default/production/_ext/1295770447/SPIEEPROM.o
 .debug_abbrev  0x0000464b      0x166 build/default/production/_ext/1295770447/SPIFlash.o
 .debug_abbrev  0x000047b1      0x166 build/default/production/_ext/1295770447/SPIRAM.o
 .debug_abbrev  0x00004917      0x166 build/default/production/_ext/1295770447/SSL.o
 .debug_abbrev  0x00004a7d      0x202 build/default/production/_ext/1295770447/StackTsk.o
 .debug_abbrev  0x00004c7f      0x2d2 build/default/production/_ext/1295770447/TCP.o
 .debug_abbrev  0x00004f51      0x166 build/default/production/_ext/1295770447/TCPPerformanceTest.o
 .debug_abbrev  0x000050b7      0x166 build/default/production/_ext/1295770447/Telnet.o
 .debug_abbrev  0x0000521d      0x166 build/default/production/_ext/1295770447/TFTPc.o
 .debug_abbrev  0x00005383      0x214 build/default/production/_ext/1295770447/Tick.o
 .debug_abbrev  0x00005597      0x166 build/default/production/_ext/1295770447/UART2TCPBridge.o
 .debug_abbrev  0x000056fd      0x166 build/default/production/_ext/1295770447/UART.o
 .debug_abbrev  0x00005863      0x2e1 build/default/production/_ext/1295770447/UDP.o
 .debug_abbrev  0x00005b44      0x166 build/default/production/_ext/1295770447/UDPPerformanceTest.o
 .debug_abbrev  0x00005caa      0x166 build/default/production/_ext/1295770447/ZeroconfHelper.o
 .debug_abbrev  0x00005e10      0x166 build/default/production/_ext/1295770447/ZeroconfLinkLocal.o
 .debug_abbrev  0x00005f76      0x166 build/default/production/_ext/1295770447/ZeroconfMulticastDNS.o
 .debug_abbrev  0x000060dc      0x180 build/default/production/_ext/1472/MPFSImg2.o
 .debug_abbrev  0x0000625c      0x166 build/default/production/_ext/1472/MPFSImg.o
 .debug_abbrev  0x000063c2      0x286 build/default/production/_ext/1472/CustomHTTPApp.o
 .debug_abbrev  0x00006648      0x166 build/default/production/_ext/1472/CustomSNMPApp.o
 .debug_abbrev  0x000067ae      0x166 build/default/production/_ext/1472/CustomSSLCert.o
 .debug_abbrev  0x00006914      0x2de build/default/production/_ext/1472/Main.o
 .debug_abbrev  0x00006bf2      0x351 build/default/production/_ext/1472/Cerebot.o
 .debug_abbrev  0x00006f43      0x28e build/default/production/_ext/1295770447/MPFS2.o
 .debug_abbrev  0x000071d1      0x13d c:/program files/microchip/mplab c32 suite/bin/../lib/gcc/pic32mx/4.5.1\libgcc.a(_udivdi3.o)
 .debug_abbrev  0x0000730e       0x25 c:/program files/microchip/mplab c32 suite/bin/../lib/gcc/pic32mx/4.5.1/../../../../pic32mx/lib\libc.a(atol.o)
 .debug_abbrev  0x00007333        0x1 c:/program files/microchip/mplab c32 suite/bin/../lib/gcc/pic32mx/4.5.1/../../../../pic32mx/lib\libc.a(ctype.o)
 .debug_abbrev  0x00007334       0x25 c:/program files/microchip/mplab c32 suite/bin/../lib/gcc/pic32mx/4.5.1/../../../../pic32mx/lib\libc.a(default-general-exception-handler.o)
 .debug_abbrev  0x00007359       0x25 c:/program files/microchip/mplab c32 suite/bin/../lib/gcc/pic32mx/4.5.1/../../../../pic32mx/lib\libc.a(default-bootstrap-exception-handler.o)
 .debug_abbrev  0x0000737e       0x25 c:/program files/microchip/mplab c32 suite/bin/../lib/gcc/pic32mx/4.5.1/../../../../pic32mx/lib\libc.a(default-on-reset.o)
 .debug_abbrev  0x000073a3       0x25 c:/program files/microchip/mplab c32 suite/bin/../lib/gcc/pic32mx/4.5.1/../../../../pic32mx/lib\libc.a(default-on-bootstrap.o)
 .debug_abbrev  0x000073c8       0x34 c:/program files/microchip/mplab c32 suite/bin/../lib/gcc/pic32mx/4.5.1/../../../../pic32mx/lib\libmchp_peripheral_32MX460F512L.a(soft_reset_lib.o)
 .debug_abbrev  0x000073fc       0x25 c:/program files/microchip/mplab c32 suite/bin/../lib/gcc/pic32mx/4.5.1/../../../../pic32mx/lib\libmchp_peripheral_32MX460F512L.a(pcache.o)
 .debug_abbrev  0x00007421       0x25 c:/program files/microchip/mplab c32 suite/bin/../lib/gcc/pic32mx/4.5.1/../../../../pic32mx/lib\libmchp_peripheral_32MX460F512L.a(int_configure_system_lib.o)
 .debug_abbrev  0x00007446       0x25 c:/program files/microchip/mplab c32 suite/bin/../lib/gcc/pic32mx/4.5.1/../../../../pic32mx/lib\libmchp_peripheral_32MX460F512L.a(int_enable_interrupts_lib.o)
 .debug_abbrev  0x0000746b       0x25 c:/program files/microchip/mplab c32 suite/bin/../lib/gcc/pic32mx/4.5.1/../../../../pic32mx/lib\libmchp_peripheral_32MX460F512L.a(int_disable_interrupts_lib.o)
 .debug_abbrev  0x00007490       0x25 c:/program files/microchip/mplab c32 suite/bin/../lib/gcc/pic32mx/4.5.1/../../../../pic32mx/lib\libmchp_peripheral_32MX460F512L.a(int_restore_interrupts_lib.o)
 .debug_abbrev  0x000074b5       0x25 c:/program files/microchip/mplab c32 suite/bin/../lib/gcc/pic32mx/4.5.1/../../../../pic32mx/lib\libmchp_peripheral_32MX460F512L.a(int_enable_mv_int_lib.o)
 .debug_abbrev  0x000074da       0x25 c:/program files/microchip/mplab c32 suite/bin/../lib/gcc/pic32mx/4.5.1/../../../../pic32mx/lib\libmchp_peripheral_32MX460F512L.a(int_tbl_lib.o)
 .debug_abbrev  0x000074ff       0x38 c:/program files/microchip/mplab c32 suite/bin/../lib/gcc/pic32mx/4.5.1/../../../../pic32mx/lib\libmchp_peripheral_32MX460F512L.a(uart_lib.o)

.debug_line     0x00000000     0x8538
 *(.debug_line)
 .debug_line    0x00000000      0x13f build/default/production/_ext/1472/BerkeleyTCPClientDemo.o
 .debug_line    0x0000013f      0x13f build/default/production/_ext/1472/BerkeleyTCPServerDemo.o
 .debug_line    0x0000027e      0x13f build/default/production/_ext/1472/BerkeleyUDPClientDemo.o
 .debug_line    0x000003bd      0x13f build/default/production/_ext/1472/GenericTCPClient.o
 .debug_line    0x000004fc      0x13f build/default/production/_ext/1472/GenericTCPServer.o
 .debug_line    0x0000063b      0x13f build/default/production/_ext/1472/LegacyHTTPApp.o
 .debug_line    0x0000077a      0x18b build/default/production/_ext/1472/PingDemo.o
 .debug_line    0x00000905      0x13f build/default/production/_ext/1472/SMTPDemo.o
 .debug_line    0x00000a44      0x13f build/default/production/_ext/1472/UARTConfig.o
 .debug_line    0x00000b83      0x219 build/default/production/_ext/1295770447/Announce.o
 .debug_line    0x00000d9c      0x13f build/default/production/_ext/1295770447/ARCFOUR.o
 .debug_line    0x00000edb      0x231 build/default/production/_ext/1295770447/ARP.o
 .debug_line    0x0000110c      0x13f build/default/production/_ext/1295770447/AutoIP.o
 .debug_line    0x0000124b      0x13f build/default/production/_ext/1295770447/BerkeleyAPI.o
 .debug_line    0x0000138a      0x13f build/default/production/_ext/1295770447/BigInt.o
 .debug_line    0x000014c9      0x18a build/default/production/_ext/1295770447/Delay.o
 .debug_line    0x00001653      0x13f build/default/production/_ext/1295770447/DHCP.o
 .debug_line    0x00001792      0x13f build/default/production/_ext/1295770447/DHCPs.o
 .debug_line    0x000018d1      0x31c build/default/production/_ext/1295770447/DNS.o
 .debug_line    0x00001bed      0x13f build/default/production/_ext/1295770447/DNSs.o
 .debug_line    0x00001d2c      0x13f build/default/production/_ext/1295770447/DynDNS.o
 .debug_line    0x00001e6b      0x5a2 build/default/production/_ext/1295770447/ENC28J60.o
 .debug_line    0x0000240d      0x13f build/default/production/_ext/1295770447/ENCX24J600.o
 .debug_line    0x0000254c      0x13f build/default/production/_ext/1295770447/FileSystem.o
 .debug_line    0x0000268b      0x13f build/default/production/_ext/1295770447/FTP.o
 .debug_line    0x000027ca      0x13f build/default/production/_ext/1295770447/Hashes.o
 .debug_line    0x00002909      0x3b8 build/default/production/_ext/1295770447/Helpers.o
 .debug_line    0x00002cc1      0x654 build/default/production/_ext/1295770447/HTTP2.o
 .debug_line    0x00003315      0x13f build/default/production/_ext/1295770447/HTTP.o
 .debug_line    0x00003454      0x244 build/default/production/_ext/1295770447/ICMP.o
 .debug_line    0x00003698      0x1f9 build/default/production/_ext/1295770447/IP.o
 .debug_line    0x00003891      0x13f build/default/production/_ext/1295770447/LCDBlocking.o
 .debug_line    0x000039d0      0x13f build/default/production/_ext/1295770447/MPFS.o
 .debug_line    0x00003b0f      0x250 build/default/production/_ext/1295770447/NBNS.o
 .debug_line    0x00003d5f      0x13f build/default/production/_ext/1295770447/Random.o
 .debug_line    0x00003e9e      0x1d2 build/default/production/_ext/1295770447/Reboot.o
 .debug_line    0x00004070      0x13f build/default/production/_ext/1295770447/RSA.o
 .debug_line    0x000041af      0x13f build/default/production/_ext/1295770447/SMTP.o
 .debug_line    0x000042ee      0x13f build/default/production/_ext/1295770447/SNMP.o
 .debug_line    0x0000442d      0x13f build/default/production/_ext/1295770447/SNMPv3.o
 .debug_line    0x0000456c      0x13f build/default/production/_ext/1295770447/SNMPv3USM.o
 .debug_line    0x000046ab      0x233 build/default/production/_ext/1295770447/SNTP.o
 .debug_line    0x000048de      0x13f build/default/production/_ext/1295770447/SPIEEPROM.o
 .debug_line    0x00004a1d      0x13f build/default/production/_ext/1295770447/SPIFlash.o
 .debug_line    0x00004b5c      0x13f build/default/production/_ext/1295770447/SPIRAM.o
 .debug_line    0x00004c9b      0x13f build/default/production/_ext/1295770447/SSL.o
 .debug_line    0x00004dda      0x206 build/default/production/_ext/1295770447/StackTsk.o
 .debug_line    0x00004fe0      0xb78 build/default/production/_ext/1295770447/TCP.o
 .debug_line    0x00005b58      0x13f build/default/production/_ext/1295770447/TCPPerformanceTest.o
 .debug_line    0x00005c97      0x13f build/default/production/_ext/1295770447/Telnet.o
 .debug_line    0x00005dd6      0x13f build/default/production/_ext/1295770447/TFTPc.o
 .debug_line    0x00005f15      0x1c9 build/default/production/_ext/1295770447/Tick.o
 .debug_line    0x000060de      0x13f build/default/production/_ext/1295770447/UART2TCPBridge.o
 .debug_line    0x0000621d      0x13f build/default/production/_ext/1295770447/UART.o
 .debug_line    0x0000635c      0x2f1 build/default/production/_ext/1295770447/UDP.o
 .debug_line    0x0000664d      0x13f build/default/production/_ext/1295770447/UDPPerformanceTest.o
 .debug_line    0x0000678c      0x13f build/default/production/_ext/1295770447/ZeroconfHelper.o
 .debug_line    0x000068cb      0x13f build/default/production/_ext/1295770447/ZeroconfLinkLocal.o
 .debug_line    0x00006a0a      0x13f build/default/production/_ext/1295770447/ZeroconfMulticastDNS.o
 .debug_line    0x00006b49      0x150 build/default/production/_ext/1472/MPFSImg2.o
 .debug_line    0x00006c99      0x13f build/default/production/_ext/1472/MPFSImg.o
 .debug_line    0x00006dd8      0x39f build/default/production/_ext/1472/CustomHTTPApp.o
 .debug_line    0x00007177      0x13f build/default/production/_ext/1472/CustomSNMPApp.o
 .debug_line    0x000072b6      0x13f build/default/production/_ext/1472/CustomSSLCert.o
 .debug_line    0x000073f5      0x23a build/default/production/_ext/1472/Main.o
 .debug_line    0x0000762f      0x370 build/default/production/_ext/1472/Cerebot.o
 .debug_line    0x0000799f      0x374 build/default/production/_ext/1295770447/MPFS2.o
 .debug_line    0x00007d13      0x112 c:/program files/microchip/mplab c32 suite/bin/../lib/gcc/pic32mx/4.5.1\libgcc.a(_udivdi3.o)
 .debug_line    0x00007e25       0x85 c:/program files/microchip/mplab c32 suite/bin/../lib/gcc/pic32mx/4.5.1/../../../../pic32mx/lib\libc.a(atol.o)
 .debug_line    0x00007eaa        0x0 c:/program files/microchip/mplab c32 suite/bin/../lib/gcc/pic32mx/4.5.1/../../../../pic32mx/lib\libc.a(ctype.o)
 .debug_line    0x00007eaa       0xa4 c:/program files/microchip/mplab c32 suite/bin/../lib/gcc/pic32mx/4.5.1/../../../../pic32mx/lib\libc.a(default-general-exception-handler.o)
 .debug_line    0x00007f4e       0xa6 c:/program files/microchip/mplab c32 suite/bin/../lib/gcc/pic32mx/4.5.1/../../../../pic32mx/lib\libc.a(default-bootstrap-exception-handler.o)
 .debug_line    0x00007ff4       0x93 c:/program files/microchip/mplab c32 suite/bin/../lib/gcc/pic32mx/4.5.1/../../../../pic32mx/lib\libc.a(default-on-reset.o)
 .debug_line    0x00008087       0x97 c:/program files/microchip/mplab c32 suite/bin/../lib/gcc/pic32mx/4.5.1/../../../../pic32mx/lib\libc.a(default-on-bootstrap.o)
 .debug_line    0x0000811e       0xbb c:/program files/microchip/mplab c32 suite/bin/../lib/gcc/pic32mx/4.5.1/../../../../pic32mx/lib\libmchp_peripheral_32MX460F512L.a(soft_reset_lib.o)
 .debug_line    0x000081d9       0x62 c:/program files/microchip/mplab c32 suite/bin/../lib/gcc/pic32mx/4.5.1/../../../../pic32mx/lib\libmchp_peripheral_32MX460F512L.a(pcache.o)
 .debug_line    0x0000823b       0x71 c:/program files/microchip/mplab c32 suite/bin/../lib/gcc/pic32mx/4.5.1/../../../../pic32mx/lib\libmchp_peripheral_32MX460F512L.a(int_configure_system_lib.o)
 .debug_line    0x000082ac       0x72 c:/program files/microchip/mplab c32 suite/bin/../lib/gcc/pic32mx/4.5.1/../../../../pic32mx/lib\libmchp_peripheral_32MX460F512L.a(int_enable_interrupts_lib.o)
 .debug_line    0x0000831e       0x73 c:/program files/microchip/mplab c32 suite/bin/../lib/gcc/pic32mx/4.5.1/../../../../pic32mx/lib\libmchp_peripheral_32MX460F512L.a(int_disable_interrupts_lib.o)
 .debug_line    0x00008391       0x73 c:/program files/microchip/mplab c32 suite/bin/../lib/gcc/pic32mx/4.5.1/../../../../pic32mx/lib\libmchp_peripheral_32MX460F512L.a(int_restore_interrupts_lib.o)
 .debug_line    0x00008404       0x6e c:/program files/microchip/mplab c32 suite/bin/../lib/gcc/pic32mx/4.5.1/../../../../pic32mx/lib\libmchp_peripheral_32MX460F512L.a(int_enable_mv_int_lib.o)
 .debug_line    0x00008472       0x64 c:/program files/microchip/mplab c32 suite/bin/../lib/gcc/pic32mx/4.5.1/../../../../pic32mx/lib\libmchp_peripheral_32MX460F512L.a(int_tbl_lib.o)
 .debug_line    0x000084d6       0x62 c:/program files/microchip/mplab c32 suite/bin/../lib/gcc/pic32mx/4.5.1/../../../../pic32mx/lib\libmchp_peripheral_32MX460F512L.a(uart_lib.o)

.debug_frame    0x00000000     0x1c94
 *(.debug_frame)
 .debug_frame   0x00000000       0x2c build/default/production/_ext/1472/PingDemo.o
 .debug_frame   0x0000002c       0x48 build/default/production/_ext/1295770447/Announce.o
 .debug_frame   0x00000074       0xb0 build/default/production/_ext/1295770447/ARP.o
 .debug_frame   0x00000124       0x44 build/default/production/_ext/1295770447/Delay.o
 .debug_frame   0x00000168       0xb4 build/default/production/_ext/1295770447/DNS.o
 .debug_frame   0x0000021c      0x36c build/default/production/_ext/1295770447/ENC28J60.o
 .debug_frame   0x00000588      0x19c build/default/production/_ext/1295770447/Helpers.o
 .debug_frame   0x00000724      0x1ec build/default/production/_ext/1295770447/HTTP2.o
 .debug_frame   0x00000910       0xb0 build/default/production/_ext/1295770447/ICMP.o
 .debug_frame   0x000009c0       0x80 build/default/production/_ext/1295770447/IP.o
 .debug_frame   0x00000a40       0x64 build/default/production/_ext/1295770447/NBNS.o
 .debug_frame   0x00000aa4       0x2c build/default/production/_ext/1295770447/Reboot.o
 .debug_frame   0x00000ad0       0x48 build/default/production/_ext/1295770447/SNTP.o
 .debug_frame   0x00000b18       0x64 build/default/production/_ext/1295770447/StackTsk.o
 .debug_frame   0x00000b7c      0x39c build/default/production/_ext/1295770447/TCP.o
 .debug_frame   0x00000f18       0xcc build/default/production/_ext/1295770447/Tick.o
 .debug_frame   0x00000fe4      0x1e4 build/default/production/_ext/1295770447/UDP.o
 .debug_frame   0x000011c8      0x420 build/default/production/_ext/1472/CustomHTTPApp.o
 .debug_frame   0x000015e8       0x2c build/default/production/_ext/1472/Main.o
 .debug_frame   0x00001614      0x180 build/default/production/_ext/1472/Cerebot.o
 .debug_frame   0x00001794      0x230 build/default/production/_ext/1295770447/MPFS2.o
 .debug_frame   0x000019c4       0x20 c:/program files/microchip/mplab c32 suite/bin/../lib/gcc/pic32mx/4.5.1/../../../../pic32mx/lib\libc.a(atol.o)
 .debug_frame   0x000019e4       0x20 c:/program files/microchip/mplab c32 suite/bin/../lib/gcc/pic32mx/4.5.1/../../../../pic32mx/lib\libc.a(default-general-exception-handler.o)
 .debug_frame   0x00001a04       0x20 c:/program files/microchip/mplab c32 suite/bin/../lib/gcc/pic32mx/4.5.1/../../../../pic32mx/lib\libc.a(default-bootstrap-exception-handler.o)
 .debug_frame   0x00001a24       0x20 c:/program files/microchip/mplab c32 suite/bin/../lib/gcc/pic32mx/4.5.1/../../../../pic32mx/lib\libc.a(default-on-reset.o)
 .debug_frame   0x00001a44       0x20 c:/program files/microchip/mplab c32 suite/bin/../lib/gcc/pic32mx/4.5.1/../../../../pic32mx/lib\libc.a(default-on-bootstrap.o)
 .debug_frame   0x00001a64       0x28 c:/program files/microchip/mplab c32 suite/bin/../lib/gcc/pic32mx/4.5.1/../../../../pic32mx/lib\libmchp_peripheral_32MX460F512L.a(soft_reset_lib.o)
 .debug_frame   0x00001a8c       0x30 c:/program files/microchip/mplab c32 suite/bin/../lib/gcc/pic32mx/4.5.1/../../../../pic32mx/lib\libmchp_peripheral_32MX460F512L.a(pcache.o)
 .debug_frame   0x00001abc       0x20 c:/program files/microchip/mplab c32 suite/bin/../lib/gcc/pic32mx/4.5.1/../../../../pic32mx/lib\libmchp_peripheral_32MX460F512L.a(int_configure_system_lib.o)
 .debug_frame   0x00001adc       0x20 c:/program files/microchip/mplab c32 suite/bin/../lib/gcc/pic32mx/4.5.1/../../../../pic32mx/lib\libmchp_peripheral_32MX460F512L.a(int_enable_interrupts_lib.o)
 .debug_frame   0x00001afc       0x20 c:/program files/microchip/mplab c32 suite/bin/../lib/gcc/pic32mx/4.5.1/../../../../pic32mx/lib\libmchp_peripheral_32MX460F512L.a(int_disable_interrupts_lib.o)
 .debug_frame   0x00001b1c       0x20 c:/program files/microchip/mplab c32 suite/bin/../lib/gcc/pic32mx/4.5.1/../../../../pic32mx/lib\libmchp_peripheral_32MX460F512L.a(int_restore_interrupts_lib.o)
 .debug_frame   0x00001b3c       0x28 c:/program files/microchip/mplab c32 suite/bin/../lib/gcc/pic32mx/4.5.1/../../../../pic32mx/lib\libmchp_peripheral_32MX460F512L.a(int_enable_mv_int_lib.o)
 .debug_frame   0x00001b64       0xa0 c:/program files/microchip/mplab c32 suite/bin/../lib/gcc/pic32mx/4.5.1/../../../../pic32mx/lib\libmchp_peripheral_32MX460F512L.a(int_tbl_lib.o)
 .debug_frame   0x00001c04       0x90 c:/program files/microchip/mplab c32 suite/bin/../lib/gcc/pic32mx/4.5.1/../../../../pic32mx/lib\libmchp_peripheral_32MX460F512L.a(uart_lib.o)

.debug_str      0x00000000     0x3fd0
 *(.debug_str)
 .debug_str     0x00000000       0xe2 build/default/production/_ext/1472/BerkeleyTCPClientDemo.o
 .debug_str     0x000000e2       0xe2 build/default/production/_ext/1472/BerkeleyTCPServerDemo.o
 .debug_str     0x000001c4       0xe2 build/default/production/_ext/1472/BerkeleyUDPClientDemo.o
 .debug_str     0x000002a6       0xe2 build/default/production/_ext/1472/GenericTCPClient.o
 .debug_str     0x00000388       0xe2 build/default/production/_ext/1472/GenericTCPServer.o
 .debug_str     0x0000046a       0xe2 build/default/production/_ext/1472/LegacyHTTPApp.o
 .debug_str     0x0000054c       0xec build/default/production/_ext/1472/PingDemo.o
 .debug_str     0x00000638       0xe2 build/default/production/_ext/1472/SMTPDemo.o
 .debug_str     0x0000071a       0xe2 build/default/production/_ext/1472/UARTConfig.o
 .debug_str     0x000007fc      0x10e build/default/production/_ext/1295770447/Announce.o
 .debug_str     0x0000090a       0xe2 build/default/production/_ext/1295770447/ARCFOUR.o
 .debug_str     0x000009ec       0xfa build/default/production/_ext/1295770447/ARP.o
 .debug_str     0x00000ae6       0xe2 build/default/production/_ext/1295770447/AutoIP.o
 .debug_str     0x00000bc8       0xe2 build/default/production/_ext/1295770447/BerkeleyAPI.o
 .debug_str     0x00000caa       0xe2 build/default/production/_ext/1295770447/BigInt.o
 .debug_str     0x00000d8c       0xe2 build/default/production/_ext/1295770447/Delay.o
 .debug_str     0x00000e6e       0xe2 build/default/production/_ext/1295770447/DHCP.o
 .debug_str     0x00000f50       0xe2 build/default/production/_ext/1295770447/DHCPs.o
 .debug_str     0x00001032       0xec build/default/production/_ext/1295770447/DNS.o
 .debug_str     0x0000111e       0xe2 build/default/production/_ext/1295770447/DNSs.o
 .debug_str     0x00001200       0xe2 build/default/production/_ext/1295770447/DynDNS.o
 .debug_str     0x000012e2      0x1ad build/default/production/_ext/1295770447/ENC28J60.o
 .debug_str     0x0000148f       0xe2 build/default/production/_ext/1295770447/ENCX24J600.o
 .debug_str     0x00001571       0xe2 build/default/production/_ext/1295770447/FileSystem.o
 .debug_str     0x00001653       0xe2 build/default/production/_ext/1295770447/FTP.o
 .debug_str     0x00001735       0xe2 build/default/production/_ext/1295770447/Hashes.o
 .debug_str     0x00001817       0xf5 build/default/production/_ext/1295770447/Helpers.o
 .debug_str     0x0000190c      0x10e build/default/production/_ext/1295770447/HTTP2.o
 .debug_str     0x00001a1a       0xe2 build/default/production/_ext/1295770447/HTTP.o
 .debug_str     0x00001afc       0xe2 build/default/production/_ext/1295770447/ICMP.o
 .debug_str     0x00001bde       0xf5 build/default/production/_ext/1295770447/IP.o
 .debug_str     0x00001cd3       0xe2 build/default/production/_ext/1295770447/LCDBlocking.o
 .debug_str     0x00001db5       0xe2 build/default/production/_ext/1295770447/MPFS.o
 .debug_str     0x00001e97      0x105 build/default/production/_ext/1295770447/NBNS.o
 .debug_str     0x00001f9c       0xe2 build/default/production/_ext/1295770447/Random.o
 .debug_str     0x0000207e      0x100 build/default/production/_ext/1295770447/Reboot.o
 .debug_str     0x0000217e       0xe2 build/default/production/_ext/1295770447/RSA.o
 .debug_str     0x00002260       0xe2 build/default/production/_ext/1295770447/SMTP.o
 .debug_str     0x00002342       0xe2 build/default/production/_ext/1295770447/SNMP.o
 .debug_str     0x00002424       0xe2 build/default/production/_ext/1295770447/SNMPv3.o
 .debug_str     0x00002506       0xe2 build/default/production/_ext/1295770447/SNMPv3USM.o
 .debug_str     0x000025e8       0xe2 build/default/production/_ext/1295770447/SNTP.o
 .debug_str     0x000026ca       0xe2 build/default/production/_ext/1295770447/SPIEEPROM.o
 .debug_str     0x000027ac       0xe2 build/default/production/_ext/1295770447/SPIFlash.o
 .debug_str     0x0000288e       0xe2 build/default/production/_ext/1295770447/SPIRAM.o
 .debug_str     0x00002970       0xe2 build/default/production/_ext/1295770447/SSL.o
 .debug_str     0x00002a52       0xf7 build/default/production/_ext/1295770447/StackTsk.o
 .debug_str     0x00002b49      0x1ad build/default/production/_ext/1295770447/TCP.o
 .debug_str     0x00002cf6       0xe2 build/default/production/_ext/1295770447/TCPPerformanceTest.o
 .debug_str     0x00002dd8       0xe2 build/default/production/_ext/1295770447/Telnet.o
 .debug_str     0x00002eba       0xe2 build/default/production/_ext/1295770447/TFTPc.o
 .debug_str     0x00002f9c       0xfe build/default/production/_ext/1295770447/Tick.o
 .debug_str     0x0000309a       0xe2 build/default/production/_ext/1295770447/UART2TCPBridge.o
 .debug_str     0x0000317c       0xe2 build/default/production/_ext/1295770447/UART.o
 .debug_str     0x0000325e      0x156 build/default/production/_ext/1295770447/UDP.o
 .debug_str     0x000033b4       0xe2 build/default/production/_ext/1295770447/UDPPerformanceTest.o
 .debug_str     0x00003496       0xe2 build/default/production/_ext/1295770447/ZeroconfHelper.o
 .debug_str     0x00003578       0xe2 build/default/production/_ext/1295770447/ZeroconfLinkLocal.o
 .debug_str     0x0000365a       0xe2 build/default/production/_ext/1295770447/ZeroconfMulticastDNS.o
 .debug_str     0x0000373c       0xe2 build/default/production/_ext/1472/MPFSImg2.o
 .debug_str     0x0000381e       0xe2 build/default/production/_ext/1472/MPFSImg.o
 .debug_str     0x00003900      0x168 build/default/production/_ext/1472/CustomHTTPApp.o
 .debug_str     0x00003a68       0xe2 build/default/production/_ext/1472/CustomSNMPApp.o
 .debug_str     0x00003b4a       0xe2 build/default/production/_ext/1472/CustomSSLCert.o
 .debug_str     0x00003c2c       0xf7 build/default/production/_ext/1472/Main.o
 .debug_str     0x00003d23      0x1a7 build/default/production/_ext/1472/Cerebot.o
 .debug_str     0x00003eca      0x106 build/default/production/_ext/1295770447/MPFS2.o
 .debug_str     0x00003fd0        0x0 c:/program files/microchip/mplab c32 suite/bin/../lib/gcc/pic32mx/4.5.1\libgcc.a(_udivdi3.o)
 .debug_str     0x00003fd0        0x0 c:/program files/microchip/mplab c32 suite/bin/../lib/gcc/pic32mx/4.5.1/../../../../pic32mx/lib\libc.a(atol.o)
 .debug_str     0x00003fd0        0x0 c:/program files/microchip/mplab c32 suite/bin/../lib/gcc/pic32mx/4.5.1/../../../../pic32mx/lib\libc.a(ctype.o)
 .debug_str     0x00003fd0        0x0 c:/program files/microchip/mplab c32 suite/bin/../lib/gcc/pic32mx/4.5.1/../../../../pic32mx/lib\libc.a(default-general-exception-handler.o)
 .debug_str     0x00003fd0        0x0 c:/program files/microchip/mplab c32 suite/bin/../lib/gcc/pic32mx/4.5.1/../../../../pic32mx/lib\libc.a(default-bootstrap-exception-handler.o)
 .debug_str     0x00003fd0        0x0 c:/program files/microchip/mplab c32 suite/bin/../lib/gcc/pic32mx/4.5.1/../../../../pic32mx/lib\libc.a(default-on-reset.o)
 .debug_str     0x00003fd0        0x0 c:/program files/microchip/mplab c32 suite/bin/../lib/gcc/pic32mx/4.5.1/../../../../pic32mx/lib\libc.a(default-on-bootstrap.o)
 .debug_str     0x00003fd0        0x0 c:/program files/microchip/mplab c32 suite/bin/../lib/gcc/pic32mx/4.5.1/../../../../pic32mx/lib\libmchp_peripheral_32MX460F512L.a(soft_reset_lib.o)
 .debug_str     0x00003fd0        0x0 c:/program files/microchip/mplab c32 suite/bin/../lib/gcc/pic32mx/4.5.1/../../../../pic32mx/lib\libmchp_peripheral_32MX460F512L.a(pcache.o)
 .debug_str     0x00003fd0        0x0 c:/program files/microchip/mplab c32 suite/bin/../lib/gcc/pic32mx/4.5.1/../../../../pic32mx/lib\libmchp_peripheral_32MX460F512L.a(int_configure_system_lib.o)
 .debug_str     0x00003fd0        0x0 c:/program files/microchip/mplab c32 suite/bin/../lib/gcc/pic32mx/4.5.1/../../../../pic32mx/lib\libmchp_peripheral_32MX460F512L.a(int_enable_interrupts_lib.o)
 .debug_str     0x00003fd0        0x0 c:/program files/microchip/mplab c32 suite/bin/../lib/gcc/pic32mx/4.5.1/../../../../pic32mx/lib\libmchp_peripheral_32MX460F512L.a(int_disable_interrupts_lib.o)
 .debug_str     0x00003fd0        0x0 c:/program files/microchip/mplab c32 suite/bin/../lib/gcc/pic32mx/4.5.1/../../../../pic32mx/lib\libmchp_peripheral_32MX460F512L.a(int_restore_interrupts_lib.o)
 .debug_str     0x00003fd0        0x0 c:/program files/microchip/mplab c32 suite/bin/../lib/gcc/pic32mx/4.5.1/../../../../pic32mx/lib\libmchp_peripheral_32MX460F512L.a(int_enable_mv_int_lib.o)
 .debug_str     0x00003fd0        0x0 c:/program files/microchip/mplab c32 suite/bin/../lib/gcc/pic32mx/4.5.1/../../../../pic32mx/lib\libmchp_peripheral_32MX460F512L.a(int_tbl_lib.o)
 .debug_str     0x00003fd0        0x0 c:/program files/microchip/mplab c32 suite/bin/../lib/gcc/pic32mx/4.5.1/../../../../pic32mx/lib\libmchp_peripheral_32MX460F512L.a(uart_lib.o)

.debug_loc      0x00000000      0xa47
 *(.debug_loc)
 .debug_loc     0x00000000      0xa47 c:/program files/microchip/mplab c32 suite/bin/../lib/gcc/pic32mx/4.5.1\libgcc.a(_udivdi3.o)

.debug_macinfo
 *(.debug_macinfo)

.debug_weaknames
 *(.debug_weaknames)

.debug_funcnames
 *(.debug_funcnames)

.debug_typenames
 *(.debug_typenames)

.debug_varnames
 *(.debug_varnames)

.debug_pubtypes
                0x00000000     0x3f3c
 *(.debug_pubtypes)
 .debug_pubtypes
                0x00000000       0xbd build/default/production/_ext/1472/BerkeleyTCPClientDemo.o
 .debug_pubtypes
                0x000000bd       0xbd build/default/production/_ext/1472/BerkeleyTCPServerDemo.o
 .debug_pubtypes
                0x0000017a       0xbd build/default/production/_ext/1472/BerkeleyUDPClientDemo.o
 .debug_pubtypes
                0x00000237       0xbd build/default/production/_ext/1472/GenericTCPClient.o
 .debug_pubtypes
                0x000002f4       0xbd build/default/production/_ext/1472/GenericTCPServer.o
 .debug_pubtypes
                0x000003b1       0xbd build/default/production/_ext/1472/LegacyHTTPApp.o
 .debug_pubtypes
                0x0000046e       0xf5 build/default/production/_ext/1472/PingDemo.o
 .debug_pubtypes
                0x00000563       0xbd build/default/production/_ext/1472/SMTPDemo.o
 .debug_pubtypes
                0x00000620       0xbd build/default/production/_ext/1472/UARTConfig.o
 .debug_pubtypes
                0x000006dd      0x14e build/default/production/_ext/1295770447/Announce.o
 .debug_pubtypes
                0x0000082b       0xbd build/default/production/_ext/1295770447/ARCFOUR.o
 .debug_pubtypes
                0x000008e8      0x140 build/default/production/_ext/1295770447/ARP.o
 .debug_pubtypes
                0x00000a28       0xbd build/default/production/_ext/1295770447/AutoIP.o
 .debug_pubtypes
                0x00000ae5       0xbd build/default/production/_ext/1295770447/BerkeleyAPI.o
 .debug_pubtypes
                0x00000ba2       0xbd build/default/production/_ext/1295770447/BigInt.o
 .debug_pubtypes
                0x00000c5f       0xd0 build/default/production/_ext/1295770447/Delay.o
 .debug_pubtypes
                0x00000d2f       0xbd build/default/production/_ext/1295770447/DHCP.o
 .debug_pubtypes
                0x00000dec       0xbd build/default/production/_ext/1295770447/DHCPs.o
 .debug_pubtypes
                0x00000ea9      0x16f build/default/production/_ext/1295770447/DNS.o
 .debug_pubtypes
                0x00001018       0xbd build/default/production/_ext/1295770447/DNSs.o
 .debug_pubtypes
                0x000010d5       0xbd build/default/production/_ext/1295770447/DynDNS.o
 .debug_pubtypes
                0x00001192      0x1e8 build/default/production/_ext/1295770447/ENC28J60.o
 .debug_pubtypes
                0x0000137a       0xbd build/default/production/_ext/1295770447/ENCX24J600.o
 .debug_pubtypes
                0x00001437       0xbd build/default/production/_ext/1295770447/FileSystem.o
 .debug_pubtypes
                0x000014f4       0xbd build/default/production/_ext/1295770447/FTP.o
 .debug_pubtypes
                0x000015b1       0xbd build/default/production/_ext/1295770447/Hashes.o
 .debug_pubtypes
                0x0000166e      0x123 build/default/production/_ext/1295770447/Helpers.o
 .debug_pubtypes
                0x00001791      0x19a build/default/production/_ext/1295770447/HTTP2.o
 .debug_pubtypes
                0x0000192b       0xbd build/default/production/_ext/1295770447/HTTP.o
 .debug_pubtypes
                0x000019e8      0x145 build/default/production/_ext/1295770447/ICMP.o
 .debug_pubtypes
                0x00001b2d      0x14e build/default/production/_ext/1295770447/IP.o
 .debug_pubtypes
                0x00001c7b       0xbd build/default/production/_ext/1295770447/LCDBlocking.o
 .debug_pubtypes
                0x00001d38       0xbd build/default/production/_ext/1295770447/MPFS.o
 .debug_pubtypes
                0x00001df5      0x16f build/default/production/_ext/1295770447/NBNS.o
 .debug_pubtypes
                0x00001f64       0xbd build/default/production/_ext/1295770447/Random.o
 .debug_pubtypes
                0x00002021      0x13e build/default/production/_ext/1295770447/Reboot.o
 .debug_pubtypes
                0x0000215f       0xbd build/default/production/_ext/1295770447/RSA.o
 .debug_pubtypes
                0x0000221c       0xbd build/default/production/_ext/1295770447/SMTP.o
 .debug_pubtypes
                0x000022d9       0xbd build/default/production/_ext/1295770447/SNMP.o
 .debug_pubtypes